Component: ARM Compiler 5.06 update 1 (build 61) Tool: armlink [4d35a8]

==============================================================================

Section Cross References

    startup_stm32f103xe.o(STACK) refers (Special) to heapauxi.o(.text) for __use_two_region_memory
    startup_stm32f103xe.o(HEAP) refers (Special) to heapauxi.o(.text) for __use_two_region_memory
    startup_stm32f103xe.o(RESET) refers (Special) to heapauxi.o(.text) for __use_two_region_memory
    startup_stm32f103xe.o(RESET) refers to startup_stm32f103xe.o(STACK) for __initial_sp
    startup_stm32f103xe.o(RESET) refers to startup_stm32f103xe.o(.text) for Reset_Handler
    startup_stm32f103xe.o(RESET) refers to stm32f1xx_it.o(i.NMI_Handler) for NMI_Handler
    startup_stm32f103xe.o(RESET) refers to stm32f1xx_it.o(i.HardFault_Handler) for HardFault_Handler
    startup_stm32f103xe.o(RESET) refers to stm32f1xx_it.o(i.MemManage_Handler) for MemManage_Handler
    startup_stm32f103xe.o(RESET) refers to stm32f1xx_it.o(i.BusFault_Handler) for BusFault_Handler
    startup_stm32f103xe.o(RESET) refers to stm32f1xx_it.o(i.UsageFault_Handler) for UsageFault_Handler
    startup_stm32f103xe.o(RESET) refers to stm32f1xx_it.o(i.DebugMon_Handler) for DebugMon_Handler
    startup_stm32f103xe.o(RESET) refers to stm32f1xx_it.o(i.SysTick_Handler) for SysTick_Handler
    startup_stm32f103xe.o(RESET) refers to stm32f1xx_it.o(i.DMA1_Channel3_IRQHandler) for DMA1_Channel3_IRQHandler
    startup_stm32f103xe.o(RESET) refers to stm32f1xx_it.o(i.TIM6_IRQHandler) for TIM6_IRQHandler
    startup_stm32f103xe.o(.text) refers (Special) to heapauxi.o(.text) for __use_two_region_memory
    startup_stm32f103xe.o(.text) refers to system_stm32f1xx.o(i.SystemInit) for SystemInit
    startup_stm32f103xe.o(.text) refers to __main.o(!!!main) for __main
    startup_stm32f103xe.o(.text) refers to startup_stm32f103xe.o(HEAP) for Heap_Mem
    startup_stm32f103xe.o(.text) refers to startup_stm32f103xe.o(STACK) for Stack_Mem
    myiic.o(i.i2c1_multi_read) refers to stm32f1xx_hal_i2c.o(i.HAL_I2C_Mem_Read) for HAL_I2C_Mem_Read
    myiic.o(i.i2c1_multi_read) refers to i2c.o(.bss) for hi2c1
    myiic.o(i.i2c1_single_read) refers to stm32f1xx_hal_i2c.o(i.HAL_I2C_Mem_Read) for HAL_I2C_Mem_Read
    myiic.o(i.i2c1_single_read) refers to i2c.o(.bss) for hi2c1
    myiic.o(i.i2c1_single_write) refers to stm32f1xx_hal_i2c.o(i.HAL_I2C_Mem_Write) for HAL_I2C_Mem_Write
    myiic.o(i.i2c1_single_write) refers to i2c.o(.bss) for hi2c1
    main.o(i.SystemClock_Config) refers to rt_memclr_w.o(.text) for __aeabi_memclr4
    main.o(i.SystemClock_Config) refers to stm32f1xx_hal_rcc.o(i.HAL_RCC_OscConfig) for HAL_RCC_OscConfig
    main.o(i.SystemClock_Config) refers to main.o(i.Error_Handler) for Error_Handler
    main.o(i.SystemClock_Config) refers to stm32f1xx_hal_rcc.o(i.HAL_RCC_ClockConfig) for HAL_RCC_ClockConfig
    main.o(i.main) refers to stm32f1xx_hal.o(i.HAL_Init) for HAL_Init
    main.o(i.main) refers to main.o(i.SystemClock_Config) for SystemClock_Config
    main.o(i.main) refers to gpio.o(i.MX_GPIO_Init) for MX_GPIO_Init
    main.o(i.main) refers to dma.o(i.MX_DMA_Init) for MX_DMA_Init
    main.o(i.main) refers to tim.o(i.MX_TIM1_Init) for MX_TIM1_Init
    main.o(i.main) refers to tim.o(i.MX_TIM2_Init) for MX_TIM2_Init
    main.o(i.main) refers to tim.o(i.MX_TIM3_Init) for MX_TIM3_Init
    main.o(i.main) refers to tim.o(i.MX_TIM4_Init) for MX_TIM4_Init
    main.o(i.main) refers to tim.o(i.MX_TIM6_Init) for MX_TIM6_Init
    main.o(i.main) refers to usart.o(i.MX_USART3_UART_Init) for MX_USART3_UART_Init
    main.o(i.main) refers to i2c.o(i.MX_I2C1_Init) for MX_I2C1_Init
    main.o(i.main) refers to bsp_motor.o(i.motor_pwm_enable) for motor_pwm_enable
    main.o(i.main) refers to pid.o(i.pid_init) for pid_init
    main.o(i.main) refers to imu.o(i.imu_init) for imu_init
    main.o(i.main) refers to imu.o(i.CalibrationAcc) for CalibrationAcc
    main.o(i.main) refers to imu.o(i.CalibrationGyro) for CalibrationGyro
    main.o(i.main) refers to ahrs.o(i.ahrs_init) for ahrs_init
    main.o(i.main) refers to filter.o(i.MVF_init) for MVF_init
    main.o(i.main) refers to stm32f1xx_hal_tim.o(i.HAL_TIM_Base_Start_IT) for HAL_TIM_Base_Start_IT
    main.o(i.main) refers to bsp_motor.o(.bss) for record2
    main.o(i.main) refers to tim.o(.bss) for htim6
    dma.o(i.MX_DMA_Init) refers to stm32f1xx_hal_cortex.o(i.HAL_NVIC_SetPriority) for HAL_NVIC_SetPriority
    dma.o(i.MX_DMA_Init) refers to stm32f1xx_hal_cortex.o(i.HAL_NVIC_EnableIRQ) for HAL_NVIC_EnableIRQ
    i2c.o(i.HAL_I2C_MspDeInit) refers to stm32f1xx_hal_gpio.o(i.HAL_GPIO_DeInit) for HAL_GPIO_DeInit
    i2c.o(i.HAL_I2C_MspInit) refers to stm32f1xx_hal_gpio.o(i.HAL_GPIO_Init) for HAL_GPIO_Init
    i2c.o(i.MX_I2C1_Init) refers to stm32f1xx_hal_i2c.o(i.HAL_I2C_Init) for HAL_I2C_Init
    i2c.o(i.MX_I2C1_Init) refers to main.o(i.Error_Handler) for Error_Handler
    i2c.o(i.MX_I2C1_Init) refers to i2c.o(.bss) for hi2c1
[...]
    i.atan2                                  0x08005608   Section        0  atan2.o(i.atan2)
    i.constrain                              0x08005788   Section        0  ahrs.o(i.constrain)
    i.cos                                    0x080057ac   Section        0  cos.o(i.cos)
    i.cosf                                   0x08005848   Section        0  cosf.o(i.cosf)
    i.fputc                                  0x080059c4   Section        0  usart.o(i.fputc)
    i.get_imu_data                           0x080059e0   Section        0  imu.o(i.get_imu_data)
    i.i2c1_multi_read                        0x08005bc4   Section        0  myiic.o(i.i2c1_multi_read)
    i.i2c1_single_read                       0x08005bf4   Section        0  myiic.o(i.i2c1_single_read)
    i.i2c1_single_write                      0x08005c24   Section        0  myiic.o(i.i2c1_single_write)
    i.imu_init                               0x08005c58   Section        0  imu.o(i.imu_init)
    i.incremental_PID                        0x08005c9c   Section        0  pid.o(i.incremental_PID)
    i.invSqrt                                0x08005d7c   Section        0  ahrs.o(i.invSqrt)
    i.main                                   0x08005dc8   Section        0  main.o(i.main)
    i.motor_pid_clear                        0x08005e30   Section        0  pid.o(i.motor_pid_clear)
    i.motor_pwm_enable                       0x08005e64   Section        0  bsp_motor.o(i.motor_pwm_enable)
    i.motor_set_pwm                          0x08005ea8   Section        0  bsp_motor.o(i.motor_set_pwm)
    i.pid_init                               0x08005f30   Section        0  pid.o(i.pid_init)
    i.read_encoder                           0x08005f68   Section        0  bsp_motor.o(i.read_encoder)
    i.sin                                    0x08005fa0   Section        0  sin.o(i.sin)
    i.sqrt                                   0x08006040   Section        0  sqrt.o(i.sqrt)
    i.tanf                                   0x0800608c   Section        0  tanf.o(i.tanf)
    x$fpl$d2f                                0x08006200   Section       98  d2f.o(x$fpl$d2f)
    x$fpl$dadd                               0x08006264   Section      336  daddsub_clz.o(x$fpl$dadd)
    _dadd1                                   0x08006275   Thumb Code     0  daddsub_clz.o(x$fpl$dadd)
    x$fpl$dcheck1                            0x080063b4   Section       16  dcheck1.o(x$fpl$dcheck1)
    x$fpl$ddiv                               0x080063c4   Section      688  ddiv.o(x$fpl$ddiv)
    ddiv_entry                               0x080063cb   Thumb Code     0  ddiv.o(x$fpl$ddiv)
    x$fpl$dfix                               0x08006674   Section       94  dfix.o(x$fpl$dfix)
    x$fpl$dflt                               0x080066d2   Section       46  dflt_clz.o(x$fpl$dflt)
    x$fpl$dfltu                              0x08006700   Section       38  dflt_clz.o(x$fpl$dfltu)
    x$fpl$dmul                               0x08006728   Section      340  dmul.o(x$fpl$dmul)
    x$fpl$dnaninf                            0x0800687c   Section      156  dnaninf.o(x$fpl$dnaninf)
    x$fpl$dretinf                            0x08006918   Section       12  dretinf.o(x$fpl$dretinf)
    x$fpl$drsb                               0x08006924   Section       22  daddsub_clz.o(x$fpl$drsb)
    x$fpl$dsqrt                              0x0800693c   Section      460  dsqrt_noumaal.o(x$fpl$dsqrt)
    x$fpl$dsub                               0x08006b08   Section      468  daddsub_clz.o(x$fpl$dsub)
    _dsub1                                   0x08006b19   Thumb Code     0  daddsub_clz.o(x$fpl$dsub)
    x$fpl$f2d                                0x08006cdc   Section       86  f2d.o(x$fpl$f2d)
    x$fpl$fadd                               0x08006d34   Section      196  faddsub_clz.o(x$fpl$fadd)
    _fadd1                                   0x08006d43   Thumb Code     0  faddsub_clz.o(x$fpl$fadd)
    x$fpl$fcheck1                            0x08006df8   Section       12  fcheck1.o(x$fpl$fcheck1)
    x$fpl$fcmpinf                            0x08006e04   Section       24  fcmpi.o(x$fpl$fcmpinf)
    x$fpl$fdiv                               0x08006e1c   Section      388  fdiv.o(x$fpl$fdiv)
    _fdiv1                                   0x08006e1d   Thumb Code     0  fdiv.o(x$fpl$fdiv)
    x$fpl$feqf                               0x08006fa0   Section      104  feqf.o(x$fpl$feqf)
    x$fpl$ffix                               0x08007008   Section       54  ffix.o(x$fpl$ffix)
    x$fpl$fflt                               0x08007040   Section       48  fflt_clz.o(x$fpl$fflt)
    x$fpl$ffltu                              0x08007070   Section       38  fflt_clz.o(x$fpl$ffltu)
    x$fpl$fleqf                              0x08007098   Section      104  fleqf.o(x$fpl$fleqf)
    x$fpl$fmul                               0x08007100   Section      258  fmul.o(x$fpl$fmul)
    x$fpl$fnaninf                            0x08007202   Section      140  fnaninf.o(x$fpl$fnaninf)
    x$fpl$fretinf                            0x0800728e   Section       10  fretinf.o(x$fpl$fretinf)
    x$fpl$frleqf                             0x08007298   Section       98  frleqf.o(x$fpl$frleqf)
    x$fpl$frnd                               0x080072fc   Section       96  frnd.o(x$fpl$frnd)
    x$fpl$frsb                               0x0800735c   Section       20  faddsub_clz.o(x$fpl$frsb)
    x$fpl$fsub                               0x08007370   Section      234  faddsub_clz.o(x$fpl$fsub)
    _fsub1                                   0x0800737f   Thumb Code     0  faddsub_clz.o(x$fpl$fsub)
    x$fpl$retnan                             0x0800745a   Section      100  retnan.o(x$fpl$retnan)
    x$fpl$scalbn                             0x080074be   Section       92  scalbn.o(x$fpl$scalbn)
    x$fpl$scalbnf                            0x0800751a   Section       76  scalbnf.o(x$fpl$scalbnf)
    x$fpl$trapveneer                         0x08007566   Section       48  trapv.o(x$fpl$trapveneer)
    .constdata                               0x08007596   Section       24  system_stm32f1xx.o(.constdata)
    x$fpl$usenofp                            0x08007596   Section        0  usenofp.o(x$fpl$usenofp)
    .constdata                               0x080075b0   Section       80  asin.o(.constdata)
    pS                                       0x080075b0   Data          48  asin.o(.constdata)
    qS                                       0x080075e0   Data          32  asin.o(.constdata)
    .constdata                               0x08007600   Section      152  atan.o(.constdata)
    atanhi                                   0x08007600   Data          32  atan.o(.constdata)
    atanlo                                   0x08007620   Data          32  atan.o(.constdata)
    aTodd                                    0x08007640   Data          40  atan.o(.constdata)
    aTeven                                   0x08007668   Data          48  atan.o(.constdata)
    .constdata                               0x08007698   Section       48  cos_i.o(.constdata)
    C                                        0x08007698   Data          48  cos_i.o(.constdata)
    .constdata                               0x080076c8   Section        8  qnan.o(.constdata)
    .constdata                               0x080076d0   Section      200  rred.o(.constdata)
    pio2s                                    0x080076d0   Data          48  rred.o(.constdata)
    twooverpi                                0x08007700   Data         152  rred.o(.constdata)
    .constdata                               0x08007798   Section       32  rredf.o(.constdata)
    twooverpi                                0x08007798   Data          32  rredf.o(.constdata)
    .constdata                               0x080077b8   Section       40  sin_i.o(.constdata)
    S                                        0x080077b8   Data          40  sin_i.o(.constdata)
    .data                                    0x20000000   Section        4  usart.o(.data)
    .data                                    0x20000004   Section        9  stm32f1xx_hal.o(.data)
    .data                                    0x20000010   Section        4  system_stm32f1xx.o(.data)
    .data                                    0x20000014   Section       12  tim_it.o(.data)
    tim6_tick                                0x20000014   Data           4  tim_it.o(.data)
    .data                                    0x20000020   Section       28  imu.o(.data)
    .data                                    0x2000003c   Section       72  ahrs.o(.data)
    Kp                                       0x20000060   Data           4  ahrs.o(.data)
    Ki                                       0x20000064   Data           4  ahrs.o(.data)
    sync_cnt                                 0x20000068   Data           2  ahrs.o(.data)
    exInt                                    0x2000006c   Data           4  ahrs.o(.data)
    eyInt                                    0x20000070   Data           4  ahrs.o(.data)
    ezInt                                    0x20000074   Data           4  ahrs.o(.data)
    vx                                       0x20000078   Data           4  ahrs.o(.data)
    vy                                       0x2000007c   Data           4  ahrs.o(.data)
    vz                                       0x20000080   Data           4  ahrs.o(.data)
    .bss                                     0x20000084   Section       84  i2c.o(.bss)
    .bss                                     0x200000d8   Section      360  tim.o(.bss)
    .bss                                     0x20000240   Section      136  usart.o(.bss)
    .bss                                     0x200002c8   Section       68  speed_ctrl.o(.bss)
    .bss                                     0x2000030c   Section      312  imu.o(.bss)
    Gyro_Parameter                           0x2000030c   Data          24  imu.o(.bss)
    Accel_Parameter                          0x20000324   Data          24  imu.o(.bss)
    Acce_Correct_Parameter                   0x2000033c   Data          24  imu.o(.bss)
    Gyro_BufferData                          0x20000354   Data          72  imu.o(.bss)
    Accel_BufferData                         0x2000039c   Data          72  imu.o(.bss)
    Butter_Buffer_Correct                    0x200003e4   Data          72  imu.o(.bss)
    .bss                                     0x20000444   Section      188  pid.o(.bss)
    .bss                                     0x20000500   Section      928  ahrs.o(.bss)
    rMat                                     0x20000500   Data          36  ahrs.o(.bss)
    Butter_5HZ_Parameter                     0x20000524   Data          24  ahrs.o(.bss)
    quad_history                             0x2000053c   Data         320  ahrs.o(.bss)
    this_quad                                0x2000067c   Data          16  ahrs.o(.bss)
    gyro_history                             0x20000698   Data         240  ahrs.o(.bss)
    accel_history                            0x20000788   Data         240  ahrs.o(.bss)
    this_accel                               0x20000878   Data          12  ahrs.o(.bss)
    Time_Delta                               0x20000884   Data          16  ahrs.o(.bss)
    gyro_tmp                                 0x20000894   Data          12  ahrs.o(.bss)
    .bss                                     0x200008a0   Section       72  bsp_motor.o(.bss)
    .bss                                     0x200008e8   Section       96  libspace.o(.bss)
    HEAP                                     0x20000948   Section     1024  startup_stm32f103xe.o(HEAP)
    Heap_Mem                                 0x20000948   Data        1024  startup_stm32f103xe.o(HEAP)
    STACK                                    0x20000d48   Section     2048  startup_stm32f103xe.o(STACK)
    Stack_Mem                                0x20000d48   Data        2048  startup_stm32f103xe.o(STACK)
    __initial_sp                             0x20001548   Data           0  startup_stm32f103xe.o(STACK)

    Global Symbols

    Symbol Name                              Value     Ov Type        Size  Object(Section)

    BuildAttributes$$THM_ISAv4$P$D$K$B$S$PE$A:L22UL41UL21$X:L11$S22US41US21$IEEE1$IW$USESV6$~STKCKD$USESV7$~SHL$OTIME$ROPI$IEEEX$EBA8$UX$STANDARDLIB$REQ8$PRES8$EABIv2 0x00000000   Number         0  anon$$obj.o ABSOLUTE
    __ARM_use_no_argv                        0x00000000   Number         0  main.o ABSOLUTE
    __ARM_exceptions_init                     - Undefined Weak Reference
    __alloca_initialize                       - Undefined Weak Reference
    __arm_preinit_                            - Undefined Weak Reference
    __cpp_initialize__aeabi_                  - Undefined Weak Reference
    __cxa_finalize                            - Undefined Weak Reference
    __rt_locale                               - Undefined Weak Reference
    __sigvec_lookup                           - Undefined Weak Reference
    _atexit_init                              - Undefined Weak Reference
    _call_atexit_fns                          - Undefined Weak Reference
    _clock_init                               - Undefined Weak Reference
    _fp_trap_init                             - Undefined Weak Reference
    _fp_trap_shutdown                         - Undefined Weak Reference
    _get_lc_collate                           - Undefined Weak Reference
    _get_lc_ctype                             - Undefined Weak Reference
    _get_lc_monetary                          - Undefined Weak Reference
    _get_lc_numeric                           - Undefined Weak Reference
    _get_lc_time                              - Undefined Weak Reference
    _getenv_init                              - Undefined Weak Reference
    _handle_redirection                       - Undefined Weak Reference
    _init_alloc                               - Undefined Weak Reference
    _init_user_alloc                          - Undefined Weak Reference
    _initio                                   - Undefined Weak Reference
    _mutex_acquire                            - Undefined Weak Reference
    _mutex_release                            - Undefined Weak Reference
    _rand_init                                - Undefined Weak Reference
    _signal_finish                            - Undefined Weak Reference
    _signal_init                              - Undefined Weak Reference
    _terminate_alloc                          - Undefined Weak Reference
    _terminate_user_alloc                     - Undefined Weak Reference
    _terminateio                              - Undefined Weak Reference
    __Vectors_Size                           0x00000130   Number         0  startup_stm32f103xe.o ABSOLUTE
    __Vectors                                0x08000000   Data           4  startup_stm32f103xe.o(RESET)
    __Vectors_End                            0x08000130   Data           0  startup_stm32f103xe.o(RESET)
    __main                                   0x08000131   Thumb Code     8  __main.o(!!!main)
    __scatterload                            0x08000139   Thumb Code     0  __scatter.o(!!!scatter)
    __scatterload_rt2                        0x08000139   Thumb Code    44  __scatter.o(!!!scatter)
    __scatterload_rt2_thumb_only             0x08000139   Thumb Code     0  __scatter.o(!!!scatter)
    __scatterload_null                       0x08000147   Thumb Code     0  __scatter.o(!!!scatter)
    __scatterload_copy                       0x0800016d   Thumb Code    26  __scatter_copy.o(!!handler_copy)
    __scatterload_zeroinit                   0x08000189   Thumb Code    28  __scatter_zi.o(!!handler_zi)
    __rt_lib_init                            0x080001a5   Thumb Code     0  libinit.o(.ARM.Collect$$libinit$$00000000)
    __rt_lib_init_alloca_1                   0x080001a7   Thumb Code     0  libinit2.o(.ARM.Collect$$libinit$$0000002E)
    __rt_lib_init_argv_1                     0x080001a7   Thumb Code     0  libinit2.o(.ARM.Collect$$libinit$$0000002C)
    __rt_lib_init_atexit_1                   0x080001a7   Thumb Code     0  libinit2.o(.ARM.Collect$$libinit$$0000001B)
    __rt_lib_init_clock_1                    0x080001a7   Thumb Code     0  libinit2.o(.ARM.Collect$$libinit$$00000021)
    __rt_lib_init_cpp_1                      0x080001a7   Thumb Code     0  libinit2.o(.ARM.Collect$$libinit$$00000032)
    __rt_lib_init_exceptions_1               0x080001a7   Thumb Code     0  libinit2.o(.ARM.Collect$$libinit$$00000030)
    __rt_lib_init_fp_1                       0x080001a7   Thumb Code     0  libinit2.o(.ARM.Collect$$libinit$$00000002)
    __rt_lib_init_fp_trap_1                  0x080001a7   Thumb Code     0  libinit2.o(.ARM.Collect$$libinit$$0000001F)
    __rt_lib_init_getenv_1                   0x080001a7   Thumb Code     0  libinit2.o(.ARM.Collect$$libinit$$00000023)
    __rt_lib_init_heap_1                     0x080001a7   Thumb Code     0  libinit2.o(.ARM.Collect$$libinit$$0000000A)
    __rt_lib_init_lc_collate_1               0x080001a7   Thumb Code     0  libinit2.o(.ARM.Collect$$libinit$$00000011)
    __rt_lib_init_lc_ctype_1                 0x080001a7   Thumb Code     0  libinit2.o(.ARM.Collect$$libinit$$00000013)
    __rt_lib_init_lc_monetary_1              0x080001a7   Thumb Code     0  libinit2.o(.ARM.Collect$$libinit$$00000015)
    __rt_lib_init_lc_numeric_1               0x080001a7   Thumb Code     0  libinit2.o(.ARM.Collect$$libinit$$00000017)
    __rt_lib_init_lc_time_1                  0x080001a7   Thumb Code     0  libinit2.o(.ARM.Collect$$libinit$$00000019)
    __rt_lib_init_preinit_1                  0x080001a7   Thumb Code     0  libinit2.o(.ARM.Collect$$libinit$$00000004)
    __rt_lib_init_rand_1                     0x080001a7   Thumb Code     0  libinit2.o(.ARM.Collect$$libinit$$0000000E)
    __rt_lib_init_return                     0x080001a7   Thumb Code     0  libinit2.o(.ARM.Collect$$libinit$$00000033)
    __rt_lib_init_signal_1                   0x080001a7   Thumb Code     0  libinit2.o(.ARM.Collect$$libinit$$0000001D)
    __rt_lib_init_stdio_1                    0x080001a7   Thumb Code     0  libinit2.o(.ARM.Collect$$libinit$$00000025)
    __rt_lib_init_user_alloc_1               0x080001a7   Thumb Code     0  libinit2.o(.ARM.Collect$$libinit$$0000000C)
    __rt_lib_shutdown                        0x080001a9   Thumb Code     0  libshutdown.o(.ARM.Collect$$libshutdown$$00000000)
    __rt_lib_shutdown_cpp_1                  0x080001ab   Thumb Code     0  libshutdown2.o(.ARM.Collect$$libshutdown$$00000002)
    __rt_lib_shutdown_fp_trap_1              0x080001ab   Thumb Code     0  libshutdown2.o(.ARM.Collect$$libshutdown$$00000007)
    __rt_lib_shutdown_heap_1                 0x080001ab   Thumb Code     0  libshutdown2.o(.ARM.Collect$$libshutdown$$0000000F)
    __rt_lib_shutdown_return                 0x080001ab   Thumb Code     0  libshutdown2.o(.ARM.Collect$$libshutdown$$00000010)
    __rt_lib_shutdown_signal_1               0x080001ab   Thumb Code     0  libshutdown2.o(.ARM.Collect$$libshutdown$$0000000A)
    __rt_lib_shutdown_stdio_1                0x080001ab   Thumb Code     0  libshutdown2.o(.ARM.Collect$$libshutdown$$00000004)
    __rt_lib_shutdown_user_alloc_1           0x080001ab   Thumb Code     0  libshutdown2.o(.ARM.Collect$$libshutdown$$0000000C)
    __rt_entry                               0x080001ad   Thumb Code     0  __rtentry.o(.ARM.Collect$$rtentry$$00000000)
    __rt_entry_presh_1                       0x080001ad   Thumb Code     0  __rtentry2.o(.ARM.Collect$$rtentry$$00000002)
    __rt_entry_sh                            0x080001ad   Thumb Code     0  __rtentry4.o(.ARM.Collect$$rtentry$$00000004)
    __rt_entry_li                            0x080001b3   Thumb Code     0  __rtentry2.o(.ARM.Collect$$rtentry$$0000000A)
    __rt_entry_postsh_1                      0x080001b3   Thumb Code     0  __rtentry2.o(.ARM.Collect$$rtentry$$00000009)
    __rt_entry_main                          0x080001b7   Thumb Code     0  __rtentry2.o(.ARM.Collect$$rtentry$$0000000D)
    __rt_entry_postli_1                      0x080001b7   Thumb Code     0  __rtentry2.o(.ARM.Collect$$rtentry$$0000000C)
    __rt_exit                                0x080001bf   Thumb Code     0  rtexit.o(.ARM.Collect$$rtexit$$00000000)
    __rt_exit_ls                             0x080001c1   Thumb Code     0  rtexit2.o(.ARM.Collect$$rtexit$$00000003)
    __rt_exit_prels_1                        0x080001c1   Thumb Code     0  rtexit2.o(.ARM.Collect$$rtexit$$00000002)
    __rt_exit_exit                           0x080001c5   Thumb Code     0  rtexit2.o(.ARM.Collect$$rtexit$$00000004)
    Reset_Handler                            0x080001cd   Thumb Code     8  startup_stm32f103xe.o(.text)
    SVC_Handler                              0x080001df   Thumb Code     2  startup_stm32f103xe.o(.text)
    PendSV_Handler                           0x080001e3   Thumb Code     2  startup_stm32f103xe.o(.text)
    ADC1_2_IRQHandler                        0x080001e7   Thumb Code     0  startup_stm32f103xe.o(.text)
    ADC3_IRQHandler                          0x080001e7   Thumb Code     0  startup_stm32f103xe.o(.text)
    CAN1_RX1_IRQHandler                      0x080001e7   Thumb Code     0  startup_stm32f103xe.o(.text)
    CAN1_SCE_IRQHandler                      0x080001e7   Thumb Code     0  startup_stm32f103xe.o(.text)
    DMA1_Channel1_IRQHandler                 0x080001e7   Thumb Code     0  startup_stm32f103xe.o(.text)
    DMA1_Channel2_IRQHandler                 0x080001e7   Thumb Code     0  startup_stm32f103xe.o(.text)
    DMA1_Channel4_IRQHandler                 0x080001e7   Thumb Code     0  startup_stm32f103xe.o(.text)
    DMA1_Channel5_IRQHandler                 0x080001e7   Thumb Code     0  startup_stm32f103xe.o(.text)
    DMA1_Channel6_IRQHandler                 0x080001e7   Thumb Code     0  startup_stm32f103xe.o(.text)
    DMA1_Channel7_IRQHandler                 0x080001e7   Thumb Code     0  startup_stm32f103xe.o(.text)
    DMA2_Channel1_IRQHandler                 0x080001e7   Thumb Code     0  startup_stm32f103xe.o(.text)
    DMA2_Channel2_IRQHandler                 0x080001e7   Thumb Code     0  startup_stm32f103xe.o(.text)
    DMA2_Channel3_IRQHandler                 0x080001e7   Thumb Code     0  startup_stm32f103xe.o(.text)
    DMA2_Channel4_5_IRQHandler               0x080001e7   Thumb Code     0  startup_stm32f103xe.o(.text)
    EXTI0_IRQHandler                         0x080001e7   Thumb Code     0  startup_stm32f103xe.o(.text)
    EXTI15_10_IRQHandler                     0x080001e7   Thumb Code     0  startup_stm32f103xe.o(.text)
    EXTI1_IRQHandler                         0x080001e7   Thumb Code     0  startup_stm32f103xe.o(.text)
    EXTI2_IRQHandler                         0x080001e7   Thumb Code     0  startup_stm32f103xe.o(.text)
    EXTI3_IRQHandler                         0x080001e7   Thumb Code     0  startup_stm32f103xe.o(.text)
    EXTI4_IRQHandler                         0x080001e7   Thumb Code     0  startup_stm32f103xe.o(.text)
    EXTI9_5_IRQHandler                       0x080001e7   Thumb Code     0  startup_stm32f103xe.o(.text)
    FLASH_IRQHandler                         0x080001e7   Thumb Code     0  startup_stm32f103xe.o(.text)
    FSMC_IRQHandler                          0x080001e7   Thumb Code     0  startup_stm32f103xe.o(.text)
    I2C1_ER_IRQHandler                       0x080001e7   Thumb Code     0  startup_stm32f103xe.o(.text)
    I2C1_EV_IRQHandler                       0x080001e7   Thumb Code     0  startup_stm32f103xe.o(.text)
    I2C2_ER_IRQHandler                       0x080001e7   Thumb Code     0  startup_stm32f103xe.o(.text)
    I2C2_EV_IRQHandler                       0x080001e7   Thumb Code     0  startup_stm32f103xe.o(.text)
    PVD_IRQHandler                           0x080001e7   Thumb Code     0  startup_stm32f103xe.o(.text)
    RCC_IRQHandler                           0x080001e7   Thumb Code     0  startup_stm32f103xe.o(.text)
    RTC_Alarm_IRQHandler                     0x080001e7   Thumb Code     0  startup_stm32f103xe.o(.text)
    RTC_IRQHandler                           0x080001e7   Thumb Code     0  startup_stm32f103xe.o(.text)
    SDIO_IRQHandler                          0x080001e7   Thumb Code     0  startup_stm32f103xe.o(.text)
    SPI1_IRQHandler                          0x080001e7   Thumb Code     0  startup_stm32f103xe.o(.text)
    SPI2_IRQHandler                          0x080001e7   Thumb Code     0  startup_stm32f103xe.o(.text)
    SPI3_IRQHandler                          0x080001e7   Thumb Code     0  startup_stm32f103xe.o(.text)
    TAMPER_IRQHandler                        0x080001e7   Thumb Code     0  startup_stm32f103xe.o(.text)
    TIM1_BRK_IRQHandler                      0x080001e7   Thumb Code     0  startup_stm32f103xe.o(.text)
    TIM1_CC_IRQHandler                       0x080001e7   Thumb Code     0  startup_stm32f103xe.o(.text)
    TIM1_TRG_COM_IRQHandler                  0x080001e7   Thumb Code     0  startup_stm32f103xe.o(.text)
    TIM1_UP_IRQHandler                       0x080001e7   Thumb Code     0  startup_stm32f103xe.o(.text)
    TIM2_IRQHandler                          0x080001e7   Thumb Code     0  startup_stm32f103xe.o(.text)
    TIM3_IRQHandler                          0x080001e7   Thumb Code     0  startup_stm32f103xe.o(.text)
    TIM4_IRQHandler                          0x080001e7   Thumb Code     0  startup_stm32f103xe.o(.text)
    TIM5_IRQHandler                          0x080001e7   Thumb Code     0  startup_stm32f103xe.o(.text)
    TIM7_IRQHandler                          0x080001e7   Thumb Code     0  startup_stm32f103xe.o(.text)
    TIM8_BRK_IRQHandler                      0x080001e7   Thumb Code     0  startup_stm32f103xe.o(.text)
    TIM8_CC_IRQHandler                       0x080001e7   Thumb Code     0  startup_stm32f103xe.o(.text)
    TIM8_TRG_COM_IRQHandler                  0x080001e7   Thumb Code     0  startup_stm32f103xe.o(.text)
    TIM8_UP_IRQHandler                       0x080001e7   Thumb Code     0  startup_stm32f103xe.o(.text)
    UART4_IRQHandler                         0x080001e7   Thumb Code     0  startup_stm32f103xe.o(.text)
    UART5_IRQHandler                         0x080001e7   Thumb Code     0  startup_stm32f103xe.o(.text)
    USART1_IRQHandler                        0x080001e7   Thumb Code     0  startup_stm32f103xe.o(.text)
    USART2_IRQHandler                        0x080001e7   Thumb Code     0  startup_stm32f103xe.o(.text)
    USART3_IRQHandler                        0x080001e7   Thumb Code     0  startup_stm32f103xe.o(.text)
    USBWakeUp_IRQHandler                     0x080001e7   Thumb Code     0  startup_stm32f103xe.o(.text)
    USB_HP_CAN1_TX_IRQHandler                0x080001e7   Thumb Code     0  startup_stm32f103xe.o(.text)
    USB_LP_CAN1_RX0_IRQHandler               0x080001e7   Thumb Code     0  startup_stm32f103xe.o(.text)
    WWDG_IRQHandler                          0x080001e7   Thumb Code     0  startup_stm32f103xe.o(.text)
    __user_initial_stackheap                 0x080001e9   Thumb Code     0  startup_stm32f103xe.o(.text)
    __use_no_semihosting                     0x0800020d   Thumb Code     2  use_no_semi_2.o(.text)
    __2printf                                0x08000211   Thumb Code    20  noretval__2printf.o(.text)
    __aeabi_memcpy4                          0x08000229   Thumb Code     0  rt_memcpy_w.o(.text)
    __aeabi_memcpy8                          0x08000229   Thumb Code     0  rt_memcpy_w.o(.text)
    __rt_memcpy_w                            0x08000229   Thumb Code   100  rt_memcpy_w.o(.text)
    _memcpy_lastbytes_aligned                0x08000271   Thumb Code     0  rt_memcpy_w.o(.text)
    __aeabi_memclr4                          0x0800028d   Thumb Code     0  rt_memclr_w.o(.text)
    __aeabi_memclr8                          0x0800028d   Thumb Code     0  rt_memclr_w.o(.text)
    __rt_memclr_w                            0x0800028d   Thumb Code    78  rt_memclr_w.o(.text)
    _memset_w                                0x08000291   Thumb Code     0  rt_memclr_w.o(.text)
    __use_two_region_memory                  0x080002db   Thumb Code     2  heapauxi.o(.text)
    __rt_heap_escrow$2region                 0x080002dd   Thumb Code     2  heapauxi.o(.text)
    __rt_heap_expand$2region                 0x080002df   Thumb Code     2  heapauxi.o(.text)
    __I$use$semihosting                      0x080002e1   Thumb Code     0  use_no_semi.o(.text)
    __use_no_semihosting_swi                 0x080002e1   Thumb Code     2  use_no_semi.o(.text)
    __read_errno                             0x080002e3   Thumb Code    10  _rserrno.o(.text)
    __set_errno                              0x080002ed   Thumb Code    12  _rserrno.o(.text)
    _printf_char_file                        0x080002f9   Thumb Code    32  _printf_char_file.o(.text)
    __aeabi_errno_addr                       0x0800031d   Thumb Code     8  rt_errno_addr_intlibspace.o(.text)
    __errno$intlibspace                      0x0800031d   Thumb Code     0  rt_errno_addr_intlibspace.o(.text)
    __rt_errno_addr$intlibspace              0x0800031d   Thumb Code     0  rt_errno_addr_intlibspace.o(.text)
    _printf_char_common                      0x0800032f   Thumb Code    32  _printf_char_common.o(.text)
    ferror                                   0x08000355   Thumb Code     8  ferror.o(.text)
    __user_libspace                          0x0800035d   Thumb Code     8  libspace.o(.text)
    __user_perproc_libspace                  0x0800035d   Thumb Code     0  libspace.o(.text)
    __user_perthread_libspace                0x0800035d   Thumb Code     0  libspace.o(.text)
    __user_setup_stackheap                   0x08000365   Thumb Code    74  sys_stackheap_outer.o(.text)
    __printf                                 0x080003af   Thumb Code    40  __printf_nopercent.o(.text)
    exit                                     0x080003d7   Thumb Code    18  exit.o(.text)
    BusFault_Handler                         0x080003e9   Thumb Code     4  stm32f1xx_it.o(i.BusFault_Handler)
    Butterworth_Filter                       0x080003ed   Thumb Code   116  filter.o(i.Butterworth_Filter)
    CalibrationAcc                           0x08000461   Thumb Code   110  imu.o(i.CalibrationAcc)
    CalibrationGyro                          0x08000505   Thumb Code   106  imu.o(i.CalibrationGyro)
    ComputeRotationMatrix                    0x080005a9   Thumb Code   474  ahrs.o(i.ComputeRotationMatrix)
    DMA1_Channel3_IRQHandler                 0x080007b1   Thumb Code     2  stm32f1xx_it.o(i.DMA1_Channel3_IRQHandler)
    DebugMon_Handler                         0x080007b3   Thumb Code     2  stm32f1xx_it.o(i.DebugMon_Handler)
    Error_Handler                            0x080007b5   Thumb Code     6  main.o(i.Error_Handler)
    Get_Time_Period                          0x080007bd   Thumb Code   144  time_cnt.o(i.Get_Time_Period)
    HAL_DMA_Init                             0x08000859   Thumb Code   132  stm32f1xx_hal_dma.o(i.HAL_DMA_Init)
    HAL_Delay                                0x080008e5   Thumb Code    36  stm32f1xx_hal.o(i.HAL_Delay)
    HAL_GPIO_Init                            0x0800090d   Thumb Code   792  stm32f1xx_hal_gpio.o(i.HAL_GPIO_Init)
    HAL_GetTick                              0x08000c4d   Thumb Code     6  stm32f1xx_hal.o(i.HAL_GetTick)
    HAL_I2C_Init                             0x08000c59   Thumb Code   446  stm32f1xx_hal_i2c.o(i.HAL_I2C_Init)
    HAL_I2C_Mem_Read                         0x08000e29   Thumb Code   850  stm32f1xx_hal_i2c.o(i.HAL_I2C_Mem_Read)
    HAL_I2C_Mem_Write                        0x0800118d   Thumb Code   348  stm32f1xx_hal_i2c.o(i.HAL_I2C_Mem_Write)
    HAL_I2C_MspInit                          0x080012f1   Thumb Code   104  i2c.o(i.HAL_I2C_MspInit)
    HAL_IncTick                              0x08001365   Thumb Code    16  stm32f1xx_hal.o(i.HAL_IncTick)
    HAL_Init                                 0x0800137d   Thumb Code    34  stm32f1xx_hal.o(i.HAL_Init)
    HAL_InitTick                             0x080013a5   Thumb Code    64  stm32f1xx_hal.o(i.HAL_InitTick)
    HAL_MspInit                              0x080013f1   Thumb Code    76  stm32f1xx_hal_msp.o(i.HAL_MspInit)
    HAL_NVIC_EnableIRQ                       0x08001445   Thumb Code    32  stm32f1xx_hal_cortex.o(i.HAL_NVIC_EnableIRQ)
    HAL_NVIC_SetPriority                     0x08001465   Thumb Code   124  stm32f1xx_hal_cortex.o(i.HAL_NVIC_SetPriority)
    HAL_NVIC_SetPriorityGrouping             0x080014e1   Thumb Code    32  stm32f1xx_hal_cortex.o(i.HAL_NVIC_SetPriorityGrouping)
    HAL_RCC_ClockConfig                      0x08001509   Thumb Code   376  stm32f1xx_hal_rcc.o(i.HAL_RCC_ClockConfig)
    HAL_RCC_GetHCLKFreq                      0x08001695   Thumb Code     6  stm32f1xx_hal_rcc.o(i.HAL_RCC_GetHCLKFreq)
    HAL_RCC_GetPCLK1Freq                     0x080016a1   Thumb Code    22  stm32f1xx_hal_rcc.o(i.HAL_RCC_GetPCLK1Freq)
    HAL_RCC_GetPCLK2Freq                     0x080016c1   Thumb Code    22  stm32f1xx_hal_rcc.o(i.HAL_RCC_GetPCLK2Freq)
    HAL_RCC_GetSysClockFreq                  0x080016e1   Thumb Code   116  stm32f1xx_hal_rcc.o(i.HAL_RCC_GetSysClockFreq)
    HAL_RCC_OscConfig                        0x08001775   Thumb Code  1114  stm32f1xx_hal_rcc.o(i.HAL_RCC_OscConfig)
    HAL_SYSTICK_Config                       0x08001bd9   Thumb Code    52  stm32f1xx_hal_cortex.o(i.HAL_SYSTICK_Config)
    HAL_TIMEx_BreakCallback                  0x08001c0d   Thumb Code     2  stm32f1xx_hal_tim_ex.o(i.HAL_TIMEx_BreakCallback)
    HAL_TIMEx_CommutCallback                 0x08001c0f   Thumb Code     2  stm32f1xx_hal_tim_ex.o(i.HAL_TIMEx_CommutCallback)
    HAL_TIMEx_ConfigBreakDeadTime            0x08001c11   Thumb Code   116  stm32f1xx_hal_tim_ex.o(i.HAL_TIMEx_ConfigBreakDeadTime)
    HAL_TIMEx_MasterConfigSynchronization    0x08001c85   Thumb Code   134  stm32f1xx_hal_tim_ex.o(i.HAL_TIMEx_MasterConfigSynchronization)
    HAL_TIM_Base_Init                        0x08001d21   Thumb Code   102  stm32f1xx_hal_tim.o(i.HAL_TIM_Base_Init)
    HAL_TIM_Base_MspInit                     0x08001d89   Thumb Code   130  tim.o(i.HAL_TIM_Base_MspInit)
    HAL_TIM_Base_Start_IT                    0x08001e1d   Thumb Code   122  stm32f1xx_hal_tim.o(i.HAL_TIM_Base_Start_IT)
    HAL_TIM_ConfigClockSource                0x08001ead   Thumb Code   264  stm32f1xx_hal_tim.o(i.HAL_TIM_ConfigClockSource)
    HAL_TIM_Encoder_Init                     0x08001fb5   Thumb Code   196  stm32f1xx_hal_tim.o(i.HAL_TIM_Encoder_Init)
    HAL_TIM_Encoder_MspInit                  0x08002079   Thumb Code   182  tim.o(i.HAL_TIM_Encoder_MspInit)
    HAL_TIM_Encoder_Start                    0x0800213d   Thumb Code   204  stm32f1xx_hal_tim.o(i.HAL_TIM_Encoder_Start)
    HAL_TIM_IC_CaptureCallback               0x08002209   Thumb Code     2  stm32f1xx_hal_tim.o(i.HAL_TIM_IC_CaptureCallback)
    HAL_TIM_IRQHandler                       0x0800220b   Thumb Code   406  stm32f1xx_hal_tim.o(i.HAL_TIM_IRQHandler)
    HAL_TIM_MspPostInit                      0x080023a1   Thumb Code   134  tim.o(i.HAL_TIM_MspPostInit)
    HAL_TIM_OC_DelayElapsedCallback          0x0800243d   Thumb Code     2  stm32f1xx_hal_tim.o(i.HAL_TIM_OC_DelayElapsedCallback)
    HAL_TIM_PWM_ConfigChannel                0x0800243f   Thumb Code   252  stm32f1xx_hal_tim.o(i.HAL_TIM_PWM_ConfigChannel)
    HAL_TIM_PWM_Init                         0x0800253b   Thumb Code   102  stm32f1xx_hal_tim.o(i.HAL_TIM_PWM_Init)
    HAL_TIM_PWM_MspInit                      0x080025a1   Thumb Code     2  stm32f1xx_hal_tim.o(i.HAL_TIM_PWM_MspInit)
    HAL_TIM_PWM_PulseFinishedCallback        0x080025a3   Thumb Code     2  stm32f1xx_hal_tim.o(i.HAL_TIM_PWM_PulseFinishedCallback)
    HAL_TIM_PWM_Start                        0x080025a5   Thumb Code   222  stm32f1xx_hal_tim.o(i.HAL_TIM_PWM_Start)
    HAL_TIM_PeriodElapsedCallback            0x08002699   Thumb Code   276  tim_it.o(i.HAL_TIM_PeriodElapsedCallback)
    HAL_TIM_TriggerCallback                  0x080027dd   Thumb Code     2  stm32f1xx_hal_tim.o(i.HAL_TIM_TriggerCallback)
    HAL_UART_Init                            0x080027df   Thumb Code   114  stm32f1xx_hal_uart.o(i.HAL_UART_Init)
    HAL_UART_MspInit                         0x08002851   Thumb Code   192  usart.o(i.HAL_UART_MspInit)
    HardFault_Handler                        0x08002925   Thumb Code     4  stm32f1xx_it.o(i.HardFault_Handler)
    MPU6050_Detect                           0x08002e2b   Thumb Code    28  mpu6050.o(i.MPU6050_Detect)
    MPU6050_Init                             0x08002e47   Thumb Code    82  mpu6050.o(i.MPU6050_Init)
    MPU6050_ReadAcc                          0x08002e99   Thumb Code   100  mpu6050.o(i.MPU6050_ReadAcc)
    MPU6050_ReadGyro                         0x08002efd   Thumb Code   100  mpu6050.o(i.MPU6050_ReadGyro)
    MPU6050_ReadTemp                         0x08002f61   Thumb Code    82  mpu6050.o(i.MPU6050_ReadTemp)
    MVF_init                                 0x08002fbd   Thumb Code    10  filter.o(i.MVF_init)
    MX_DMA_Init                              0x08002fc9   Thumb Code    48  dma.o(i.MX_DMA_Init)
    MX_GPIO_Init                             0x08002ffd   Thumb Code    84  gpio.o(i.MX_GPIO_Init)
    MX_I2C1_Init                             0x08003055   Thumb Code    48  i2c.o(i.MX_I2C1_Init)
    MX_TIM1_Init                             0x08003091   Thumb Code   224  tim.o(i.MX_TIM1_Init)
    MX_TIM2_Init                             0x08003179   Thumb Code   122  tim.o(i.MX_TIM2_Init)
    MX_TIM3_Init                             0x080031f9   Thumb Code   120  tim.o(i.MX_TIM3_Init)
    MX_TIM4_Init                             0x08003279   Thumb Code   172  tim.o(i.MX_TIM4_Init)
    MX_TIM6_Init                             0x0800332d   Thumb Code    66  tim.o(i.MX_TIM6_Init)
    MX_USART3_UART_Init                      0x08003379   Thumb Code    46  usart.o(i.MX_USART3_UART_Init)
    MemManage_Handler                        0x080033b1   Thumb Code     4  stm32f1xx_it.o(i.MemManage_Handler)
    NMI_Handler                              0x080033b5   Thumb Code     4  stm32f1xx_it.o(i.NMI_Handler)
    Set_Cutoff_Frequency                     0x080033e1   Thumb Code   248  filter.o(i.Set_Cutoff_Frequency)
    Speed_low_filter                         0x080034e1   Thumb Code    72  filter.o(i.Speed_low_filter)
    SysTick_Handler                          0x08003529   Thumb Code     8  stm32f1xx_it.o(i.SysTick_Handler)
    SystemClock_Config                       0x08003531   Thumb Code   102  main.o(i.SystemClock_Config)
    SystemInit                               0x08003597   Thumb Code     2  system_stm32f1xx.o(i.SystemInit)
    TIM6_IRQHandler                          0x08003599   Thumb Code    10  stm32f1xx_it.o(i.TIM6_IRQHandler)
    TIM_Base_SetConfig                       0x080035a9   Thumb Code   134  stm32f1xx_hal_tim.o(i.TIM_Base_SetConfig)
    TIM_CCxChannelCmd                        0x08003645   Thumb Code    34  stm32f1xx_hal_tim.o(i.TIM_CCxChannelCmd)
    TIM_ETR_SetConfig                        0x08003667   Thumb Code    22  stm32f1xx_hal_tim.o(i.TIM_ETR_SetConfig)
    TIM_OC2_SetConfig                        0x08003701   Thumb Code   114  stm32f1xx_hal_tim.o(i.TIM_OC2_SetConfig)
    UsageFault_Handler                       0x08003995   Thumb Code     4  stm32f1xx_it.o(i.UsageFault_Handler)
    __ARM_fpclassify                         0x08003999   Thumb Code    40  fpclassify.o(i.__ARM_fpclassify)
    __ARM_fpclassifyf                        0x080039c1   Thumb Code    38  fpclassifyf.o(i.__ARM_fpclassifyf)
    __ieee754_rem_pio2                       0x08003a21   Thumb Code   828  rred.o(i.__ieee754_rem_pio2)
    __kernel_cos                             0x08003da9   Thumb Code   230  cos_i.o(i.__kernel_cos)
    __kernel_poly                            0x08003ea5   Thumb Code   170  poly.o(i.__kernel_poly)
    __kernel_sin                             0x08003f51   Thumb Code   224  sin_i.o(i.__kernel_sin)
    __mathlib_dbl_infnan                     0x0800403d   Thumb Code     6  dunder.o(i.__mathlib_dbl_infnan)
    __mathlib_dbl_infnan2                    0x08004043   Thumb Code     4  dunder.o(i.__mathlib_dbl_infnan2)
    __mathlib_dbl_invalid                    0x08004047   Thumb Code    12  dunder.o(i.__mathlib_dbl_invalid)
    __mathlib_dbl_underflow                  0x08004055   Thumb Code    10  dunder.o(i.__mathlib_dbl_underflow)
    __mathlib_flt_infnan                     0x08004065   Thumb Code     6  funder.o(i.__mathlib_flt_infnan)
    __mathlib_flt_invalid                    0x0800406b   Thumb Code     8  funder.o(i.__mathlib_flt_invalid)
    __mathlib_flt_underflow                  0x08004073   Thumb Code    10  funder.o(i.__mathlib_flt_underflow)
    __mathlib_rredf2                         0x0800407d   Thumb Code   344  rredf.o(i.__mathlib_rredf2)
    _sys_exit                                0x080041e5   Thumb Code     4  usart.o(i._sys_exit)
    ahrs_init                                0x080041e9   Thumb Code    82  ahrs.o(i.ahrs_init)
    ahrs_update                              0x08004269   Thumb Code  3834  ahrs.o(i.ahrs_update)
    asin                                     0x08005179   Thumb Code   572  asin.o(i.asin)
    atan                                     0x080053e9   Thumb Code   474  atan.o(i.atan)
    atan2                                    0x08005609   Thumb Code   346  atan2.o(i.atan2)
    constrain                                0x08005789   Thumb Code    36  ahrs.o(i.constrain)
    cos                                      0x080057ad   Thumb Code   148  cos.o(i.cos)
    cosf                                     0x08005849   Thumb Code   328  cosf.o(i.cosf)
    fputc                                    0x080059c5   Thumb Code    24  usart.o(i.fputc)
    get_imu_data                             0x080059e1   Thumb Code   430  imu.o(i.get_imu_data)
    i2c1_multi_read                          0x08005bc5   Thumb Code    44  myiic.o(i.i2c1_multi_read)
    i2c1_single_read                         0x08005bf5   Thumb Code    44  myiic.o(i.i2c1_single_read)
    i2c1_single_write                        0x08005c25   Thumb Code    48  myiic.o(i.i2c1_single_write)
    imu_init                                 0x08005c59   Thumb Code    42  imu.o(i.imu_init)
    incremental_PID                          0x08005c9d   Thumb Code   224  pid.o(i.incremental_PID)
    invSqrt                                  0x08005d7d   Thumb Code    72  ahrs.o(i.invSqrt)
    main                                     0x08005dc9   Thumb Code    90  main.o(i.main)
    motor_pid_clear                          0x08005e31   Thumb Code    44  pid.o(i.motor_pid_clear)
    motor_pwm_enable                         0x08005e65   Thumb Code    52  bsp_motor.o(i.motor_pwm_enable)
    motor_set_pwm                            0x08005ea9   Thumb Code   124  bsp_motor.o(i.motor_set_pwm)
    pid_init                                 0x08005f31   Thumb Code    36  pid.o(i.pid_init)
    read_encoder                             0x08005f69   Thumb Code    52  bsp_motor.o(i.read_encoder)
    sin                                      0x08005fa1   Thumb Code   150  sin.o(i.sin)
    sqrt                                     0x08006041   Thumb Code    76  sqrt.o(i.sqrt)
    tanf                                     0x0800608d   Thumb Code   314  tanf.o(i.tanf)
    __aeabi_d2f                              0x08006201   Thumb Code     0  d2f.o(x$fpl$d2f)
    _d2f                                     0x08006201   Thumb Code    98  d2f.o(x$fpl$d2f)
    __aeabi_dadd                             0x08006265   Thumb Code     0  daddsub_clz.o(x$fpl$dadd)
    _dadd                                    0x08006265   Thumb Code   332  daddsub_clz.o(x$fpl$dadd)
    __fpl_dcheck_NaN1                        0x080063b5   Thumb Code    10  dcheck1.o(x$fpl$dcheck1)
    __aeabi_ddiv                             0x080063c5   Thumb Code     0  ddiv.o(x$fpl$ddiv)
    _ddiv                                    0x080063c5   Thumb Code   552  ddiv.o(x$fpl$ddiv)
    __aeabi_d2iz                             0x08006675   Thumb Code     0  dfix.o(x$fpl$dfix)
    _dfix                                    0x08006675   Thumb Code    94  dfix.o(x$fpl$dfix)
    __aeabi_i2d                              0x080066d3   Thumb Code     0  dflt_clz.o(x$fpl$dflt)
    _dflt                                    0x080066d3   Thumb Code    46  dflt_clz.o(x$fpl$dflt)
    __aeabi_ui2d                             0x08006701   Thumb Code     0  dflt_clz.o(x$fpl$dfltu)
    _dfltu                                   0x08006701   Thumb Code    38  dflt_clz.o(x$fpl$dfltu)
    __aeabi_dmul                             0x08006729   Thumb Code     0  dmul.o(x$fpl$dmul)
    _dmul                                    0x08006729   Thumb Code   332  dmul.o(x$fpl$dmul)
    __fpl_dnaninf                            0x0800687d   Thumb Code   156  dnaninf.o(x$fpl$dnaninf)
    __fpl_dretinf                            0x08006919   Thumb Code    12  dretinf.o(x$fpl$dretinf)
    __aeabi_drsub                            0x08006925   Thumb Code     0  daddsub_clz.o(x$fpl$drsb)
    _drsb                                    0x08006925   Thumb Code    22  daddsub_clz.o(x$fpl$drsb)
    _dsqrt                                   0x0800693d   Thumb Code   456  dsqrt_noumaal.o(x$fpl$dsqrt)
    __aeabi_dsub                             0x08006b09   Thumb Code     0  daddsub_clz.o(x$fpl$dsub)
    _dsub                                    0x08006b09   Thumb Code   464  daddsub_clz.o(x$fpl$dsub)
    __aeabi_f2d                              0x08006cdd   Thumb Code     0  f2d.o(x$fpl$f2d)
    _f2d                                     0x08006cdd   Thumb Code    86  f2d.o(x$fpl$f2d)
    __aeabi_fadd                             0x08006d35   Thumb Code     0  faddsub_clz.o(x$fpl$fadd)
    _fadd                                    0x08006d35   Thumb Code   196  faddsub_clz.o(x$fpl$fadd)
    __fpl_fcheck_NaN1                        0x08006df9   Thumb Code     6  fcheck1.o(x$fpl$fcheck1)
    __fpl_fcmp_Inf                           0x08006e05   Thumb Code    24  fcmpi.o(x$fpl$fcmpinf)
    __aeabi_fdiv                             0x08006e1d   Thumb Code     0  fdiv.o(x$fpl$fdiv)
    _fdiv                                    0x08006e1d   Thumb Code   384  fdiv.o(x$fpl$fdiv)
    __aeabi_cfcmpeq                          0x08006fa1   Thumb Code     0  feqf.o(x$fpl$feqf)
    _fcmpeq                                  0x08006fa1   Thumb Code   104  feqf.o(x$fpl$feqf)
    __aeabi_f2iz                             0x08007009   Thumb Code     0  ffix.o(x$fpl$ffix)
    _ffix                                    0x08007009   Thumb Code    54  ffix.o(x$fpl$ffix)
    __aeabi_i2f                              0x08007041   Thumb Code     0  fflt_clz.o(x$fpl$fflt)
    _fflt                                    0x08007041   Thumb Code    48  fflt_clz.o(x$fpl$fflt)
    __aeabi_ui2f                             0x08007071   Thumb Code     0  fflt_clz.o(x$fpl$ffltu)
    _ffltu                                   0x08007071   Thumb Code    38  fflt_clz.o(x$fpl$ffltu)
    __aeabi_cfcmple                          0x08007099   Thumb Code     0  fleqf.o(x$fpl$fleqf)
    _fcmple                                  0x08007099   Thumb Code   104  fleqf.o(x$fpl$fleqf)
    __fpl_fcmple_InfNaN                      0x080070eb   Thumb Code     0  fleqf.o(x$fpl$fleqf)
    __aeabi_fmul                             0x08007101   Thumb Code     0  fmul.o(x$fpl$fmul)
    _fmul                                    0x08007101   Thumb Code   258  fmul.o(x$fpl$fmul)
    __fpl_fnaninf                            0x08007203   Thumb Code   140  fnaninf.o(x$fpl$fnaninf)
    __fpl_fretinf                            0x0800728f   Thumb Code    10  fretinf.o(x$fpl$fretinf)
    __aeabi_cfrcmple                         0x08007299   Thumb Code     0  frleqf.o(x$fpl$frleqf)
    _frcmple                                 0x08007299   Thumb Code    98  frleqf.o(x$fpl$frleqf)
    _frnd                                    0x080072fd   Thumb Code    96  frnd.o(x$fpl$frnd)
    __aeabi_frsub                            0x0800735d   Thumb Code     0  faddsub_clz.o(x$fpl$frsb)
    _frsb                                    0x0800735d   Thumb Code    20  faddsub_clz.o(x$fpl$frsb)
    __aeabi_fsub                             0x08007371   Thumb Code     0  faddsub_clz.o(x$fpl$fsub)
    _fsub                                    0x08007371   Thumb Code   234  faddsub_clz.o(x$fpl$fsub)
    __fpl_return_NaN                         0x0800745b   Thumb Code   100  retnan.o(x$fpl$retnan)
    __ARM_scalbn                             0x080074bf   Thumb Code    92  scalbn.o(x$fpl$scalbn)
    __ARM_scalbnf                            0x0800751b   Thumb Code    76  scalbnf.o(x$fpl$scalbnf)
    __fpl_cmpreturn                          0x08007567   Thumb Code    48  trapv.o(x$fpl$trapveneer)
    AHBPrescTable                            0x08007596   Data          16  system_stm32f1xx.o(.constdata)
    __I$use$fp                               0x08007596   Number         0  usenofp.o(x$fpl$usenofp)
    APBPrescTable                            0x080075a6   Data           8  system_stm32f1xx.o(.constdata)
    __mathlib_zero                           0x080076c8   Data           8  qnan.o(.constdata)
    Region$$Table$$Base                      0x080077e0   Number         0  anon$$obj.o(Region$$Table)
    Region$$Table$$Limit                     0x08007800   Number         0  anon$$obj.o(Region$$Table)
    __stdout                                 0x20000000   Data           4  usart.o(.data)
    uwTick                                   0x20000004   Data           4  stm32f1xx_hal.o(.data)
    uwTickPrio                               0x20000008   Data           4  stm32f1xx_hal.o(.data)
    uwTickFreq                               0x2000000c   Data           1  stm32f1xx_hal.o(.data)
    SystemCoreClock                          0x20000010   Data           4  system_stm32f1xx.o(.data)
    TIM6_tick                                0x20000018   Data           4  tim_it.o(.data)
    TIME_ISR_CNT                             0x2000001c   Data           4  tim_it.o(.data)
    accDataFilter                            0x20000020   Data           6  imu.o(.data)
    gyroDataFilter                           0x20000026   Data           6  imu.o(.data)
    acceCorrectFilter                        0x2000002c   Data           6  imu.o(.data)
    gyroCorrectFilter                        0x20000032   Data           6  imu.o(.data)
    tempDataFilter                           0x20000038   Data           4  imu.o(.data)
    Yaw                                      0x2000003c   Data           4  ahrs.o(.data)
    Pitch                                    0x20000040   Data           4  ahrs.o(.data)
    Roll                                     0x20000044   Data           4  ahrs.o(.data)
    Sin_Pitch                                0x20000048   Data           4  ahrs.o(.data)
    Sin_Roll                                 0x2000004c   Data           4  ahrs.o(.data)
    Sin_Yaw                                  0x20000050   Data           4  ahrs.o(.data)
    Cos_Pitch                                0x20000054   Data           4  ahrs.o(.data)
    Cos_Roll                                 0x20000058   Data           4  ahrs.o(.data)
    Cos_Yaw                                  0x2000005c   Data           4  ahrs.o(.data)
    hi2c1                                    0x20000084   Data          84  i2c.o(.bss)
    htim1                                    0x200000d8   Data          72  tim.o(.bss)
    htim2                                    0x20000120   Data          72  tim.o(.bss)
    htim3                                    0x20000168   Data          72  tim.o(.bss)
    htim4                                    0x200001b0   Data          72  tim.o(.bss)
    htim6                                    0x200001f8   Data          72  tim.o(.bss)
    huart3                                   0x20000240   Data          68  usart.o(.bss)
    hdma_usart3_rx                           0x20000284   Data          68  usart.o(.bss)
    motor_all                                0x200002c8   Data          44  speed_ctrl.o(.bss)
    TC_speed                                 0x200002f4   Data          12  speed_ctrl.o(.bss)
    TG_speed                                 0x20000300   Data          12  speed_ctrl.o(.bss)
    Acc_Offset                               0x2000042c   Data          12  imu.o(.bss)
    Gyro_Offset                              0x20000438   Data          12  imu.o(.bss)
    motor_A                                  0x20000444   Data          24  pid.o(.bss)
    motor_B                                  0x2000045c   Data          24  pid.o(.bss)
    motor_pid_param                          0x20000474   Data          28  pid.o(.bss)
    gyroT_pid                                0x20000490   Data          28  pid.o(.bss)
    gyroG_pid                                0x200004ac   Data          28  pid.o(.bss)
    gyroT_pid_param                          0x200004c8   Data          28  pid.o(.bss)
    gyroG_pid_param                          0x200004e4   Data          28  pid.o(.bss)
    this_gyro                                0x2000068c   Data          12  ahrs.o(.bss)
    record2                                  0x200008a0   Data          36  bsp_motor.o(.bss)
    record3                                  0x200008c4   Data          36  bsp_motor.o(.bss)
    __libspace_start                         0x200008e8   Data          96  libspace.o(.bss)
    __temporary_stack_top$libspace           0x20000948   Data           0  libspace.o(.bss)



==============================================================================

Memory Map of the image

  Image Entry point : 0x08000131

  Load Region LR_IROM1 (Base: 0x08000000, Size: 0x00007884, Max: 0x00040000, ABSOLUTE)

    Execution Region ER_IROM1 (Exec base: 0x08000000, Load base: 0x08000000, Size: 0x00007800, Max: 0x00040000, ABSOLUTE)

    Exec Addr    Load Addr    Size         Type   Attr      Idx    E Section Name        Object

    0x08000000   0x08000000   0x00000130   Data   RO            3    RESET               startup_stm32f103xe.o
    0x08000130   0x08000130   0x00000008   Code   RO         4082  * !!!main             c_w.l(__main.o)
    0x08000138   0x08000138   0x00000034   Code   RO         4469    !!!scatter          c_w.l(__scatter.o)
    0x0800016c   0x0800016c   0x0000001a   Code   RO         4471    !!handler_copy      c_w.l(__scatter_copy.o)
    0x08000186   0x08000186   0x00000002   PAD
    0x08000188   0x08000188   0x0000001c   Code   RO         4473    !!handler_zi        c_w.l(__scatter_zi.o)
    0x080001a4   0x080001a4   0x00000002   Code   RO         4340    .ARM.Collect$$libinit$$00000000  c_w.l(libinit.o)
    0x080001a6   0x080001a6   0x00000000   Code   RO         4348    .ARM.Collect$$libinit$$00000002  c_w.l(libinit2.o)
    0x080001a6   0x080001a6   0x00000000   Code   RO         4350    .ARM.Collect$$libinit$$00000004  c_w.l(libinit2.o)
    0x080001a6   0x080001a6   0x00000000   Code   RO         4353    .ARM.Collect$$libinit$$0000000A  c_w.l(libinit2.o)
    0x080001a6   0x080001a6   0x00000000   Code   RO         4355    .ARM.Collect$$libinit$$0000000C  c_w.l(libinit2.o)
    0x080001a6   0x080001a6   0x00000000   Code   RO         4357    .ARM.Collect$$libinit$$0000000E  c_w.l(libinit2.o)
    0x080001a6   0x080001a6   0x00000000   Code   RO         4360    .ARM.Collect$$libinit$$00000011  c_w.l(libinit2.o)
    0x080001a6   0x080001a6   0x00000000   Code   RO         4362    .ARM.Collect$$libinit$$00000013  c_w.l(libinit2.o)
    0x080001a6   0x080001a6   0x00000000   Code   RO         4364    .ARM.Collect$$libinit$$00000015  c_w.l(libinit2.o)
    0x080001a6   0x080001a6   0x00000000   Code   RO         4366    .ARM.Collect$$libinit$$00000017  c_w.l(libinit2.o)
    0x080001a6   0x080001a6   0x00000000   Code   RO         4368    .ARM.Collect$$libinit$$00000019  c_w.l(libinit2.o)
    0x080001a6   0x080001a6   0x00000000   Code   RO         4370    .ARM.Collect$$libinit$$0000001B  c_w.l(libinit2.o)
    0x080001a6   0x080001a6   0x00000000   Code   RO         4372    .ARM.Collect$$libinit$$0000001D  c_w.l(libinit2.o)
    0x080001a6   0x080001a6   0x00000000   Code   RO         4374    .ARM.Collect$$libinit$$0000001F  c_w.l(libinit2.o)
    0x080001a6   0x080001a6   0x00000000   Code   RO         4376    .ARM.Collect$$libinit$$00000021  c_w.l(libinit2.o)
    0x080001a6   0x080001a6   0x00000000   Code   RO         4378    .ARM.Collect$$libinit$$00000023  c_w.l(libinit2.o)
    0x080001a6   0x080001a6   0x00000000   Code   RO         4380    .ARM.Collect$$libinit$$00000025  c_w.l(libinit2.o)
    0x080001a6   0x080001a6   0x00000000   Code   RO         4384    .ARM.Collect$$libinit$$0000002C  c_w.l(libinit2.o)
    0x080001a6   0x080001a6   0x00000000   Code   RO         4386    .ARM.Collect$$libinit$$0000002E  c_w.l(libinit2.o)
    0x080001a6   0x080001a6   0x00000000   Code   RO         4388    .ARM.Collect$$libinit$$00000030  c_w.l(libinit2.o)
    0x080001a6   0x080001a6   0x00000000   Code   RO         4390    .ARM.Collect$$libinit$$00000032  c_w.l(libinit2.o)
    0x080001a6   0x080001a6   0x00000002   Code   RO         4391    .ARM.Collect$$libinit$$00000033  c_w.l(libinit2.o)
    0x080001a8   0x080001a8   0x00000002   Code   RO         4411    .ARM.Collect$$libshutdown$$00000000  c_w.l(libshutdown.o)
    0x080001aa   0x080001aa   0x00000000   Code   RO         4421    .ARM.Collect$$libshutdown$$00000002  c_w.l(libshutdown2.o)
    0x080001aa   0x080001aa   0x00000000   Code   RO         4423    .ARM.Collect$$libshutdown$$00000004  c_w.l(libshutdown2.o)
    0x080001aa   0x080001aa   0x00000000   Code   RO         4426    .ARM.Collect$$libshutdown$$00000007  c_w.l(libshutdown2.o)
    0x080001aa   0x080001aa   0x00000000   Code   RO         4429    .ARM.Collect$$libshutdown$$0000000A  c_w.l(libshutdown2.o)
    0x080001aa   0x080001aa   0x00000000   Code   RO         4431    .ARM.Collect$$libshutdown$$0000000C  c_w.l(libshutdown2.o)
    0x080001aa   0x080001aa   0x00000000   Code   RO         4434    .ARM.Collect$$libshutdown$$0000000F  c_w.l(libshutdown2.o)
    0x080001aa   0x080001aa   0x00000002   Code   RO         4435    .ARM.Collect$$libshutdown$$00000010  c_w.l(libshutdown2.o)
    0x080001ac   0x080001ac   0x00000000   Code   RO         4202    .ARM.Collect$$rtentry$$00000000  c_w.l(__rtentry.o)
    0x080001ac   0x080001ac   0x00000000   Code   RO         4291    .ARM.Collect$$rtentry$$00000002  c_w.l(__rtentry2.o)
    0x080001ac   0x080001ac   0x00000006   Code   RO         4303    .ARM.Collect$$rtentry$$00000004  c_w.l(__rtentry4.o)
    0x080001b2   0x080001b2   0x00000000   Code   RO         4293    .ARM.Collect$$rtentry$$00000009  c_w.l(__rtentry2.o)
    0x080001b2   0x080001b2   0x00000004   Code   RO         4294    .ARM.Collect$$rtentry$$0000000A  c_w.l(__rtentry2.o)
    0x080001b6   0x080001b6   0x00000000   Code   RO         4296    .ARM.Collect$$rtentry$$0000000C  c_w.l(__rtentry2.o)
    0x080001b6   0x080001b6   0x00000008   Code   RO         4297    .ARM.Collect$$rtentry$$0000000D  c_w.l(__rtentry2.o)
    0x080001be   0x080001be   0x00000002   Code   RO         4345    .ARM.Collect$$rtexit$$00000000  c_w.l(rtexit.o)
    0x080001c0   0x080001c0   0x00000000   Code   RO         4395    .ARM.Collect$$rtexit$$00000002  c_w.l(rtexit2.o)
    0x080001c0   0x080001c0   0x00000004   Code   RO         4396    .ARM.Collect$$rtexit$$00000003  c_w.l(rtexit2.o)
    0x080001c4   0x080001c4   0x00000006   Code   RO         4397    .ARM.Collect$$rtexit$$00000004  c_w.l(rtexit2.o)
    0x080001ca   0x080001ca   0x00000002   PAD
    0x080001cc   0x080001cc   0x00000040   Code   RO            4    .text               startup_stm32f103xe.o
    0x0800020c   0x0800020c   0x00000002   Code   RO         4068    .text               c_w.l(use_no_semi_2.o)
    0x0800020e   0x0800020e   0x00000002   PAD
    0x08000210   0x08000210   0x00000018   Code   RO         4074    .text               c_w.l(noretval__2printf.o)
    0x08000228   0x08000228   0x00000064   Code   RO         4076    .text               c_w.l(rt_memcpy_w.o)
    0x0800028c   0x0800028c   0x0000004e   Code   RO         4078    .text               c_w.l(rt_memclr_w.o)
    0x080002da   0x080002da   0x00000006   Code   RO         4080    .text               c_w.l(heapauxi.o)
    0x080002e0   0x080002e0   0x00000002   Code   RO         4200    .text               c_w.l(use_no_semi.o)
    0x080002e2   0x080002e2   0x00000016   Code   RO         4203    .text               c_w.l(_rserrno.o)
    0x080002f8   0x080002f8   0x00000024   Code   RO         4205    .text               c_w.l(_printf_char_file.o)
    0x0800031c   0x0800031c   0x00000008   Code   RO         4308    .text               c_w.l(rt_errno_addr_intlibspace.o)
    0x08000324   0x08000324   0x00000030   Code   RO         4310    .text               c_w.l(_printf_char_common.o)
    0x08000354   0x08000354   0x00000008   Code   RO         4312    .text               c_w.l(ferror.o)
    0x0800035c   0x0800035c   0x00000008   Code   RO         4326    .text               c_w.l(libspace.o)
    0x08000364   0x08000364   0x0000004a   Code   RO         4329    .text               c_w.l(sys_stackheap_outer.o)
    0x080003ae   0x080003ae   0x00000028   Code   RO         4331    .text               c_w.l(__printf_nopercent.o)
    0x080003d6   0x080003d6   0x00000012   Code   RO         4333    .text               c_w.l(exit.o)
    0x080003e8   0x080003e8   0x00000004   Code   RO          464    i.BusFault_Handler  stm32f1xx_it.o
    0x080003ec   0x080003ec   0x00000074   Code   RO         3769    i.Butterworth_Filter  filter.o
    0x08000460   0x08000460   0x000000a4   Code   RO         3553    i.CalibrationAcc    imu.o
    0x08000504   0x08000504   0x000000a4   Code   RO         3554    i.CalibrationGyro   imu.o
    0x080005a8   0x080005a8   0x00000208   Code   RO         3818    i.ComputeRotationMatrix  ahrs.o
    0x080007b0   0x080007b0   0x00000002   Code   RO          465    i.DMA1_Channel3_IRQHandler  stm32f1xx_it.o
    0x080007b2   0x080007b2   0x00000002   Code   RO          466    i.DebugMon_Handler  stm32f1xx_it.o
    0x080007b4   0x080007b4   0x00000006   Code   RO          151    i.Error_Handler     main.o
    0x080007ba   0x080007ba   0x00000002   PAD
    0x080007bc   0x080007bc   0x0000009c   Code   RO         3663    i.Get_Time_Period   time_cnt.o
    0x08000858   0x08000858   0x0000008c   Code   RO         1462    i.HAL_DMA_Init      stm32f1xx_hal_dma.o
    0x080008e4   0x080008e4   0x00000028   Code   RO         1079    i.HAL_Delay         stm32f1xx_hal.o
    0x0800090c   0x0800090c   0x00000340   Code   RO         1392    i.HAL_GPIO_Init     stm32f1xx_hal_gpio.o
    0x08000c4c   0x08000c4c   0x0000000c   Code   RO         1083    i.HAL_GetTick       stm32f1xx_hal.o
    0x08000c58   0x08000c58   0x000001d0   Code   RO          611    i.HAL_I2C_Init      stm32f1xx_hal_i2c.o
    0x08000e28   0x08000e28   0x00000364   Code   RO          629    i.HAL_I2C_Mem_Read  stm32f1xx_hal_i2c.o
    0x0800118c   0x0800118c   0x00000164   Code   RO          632    i.HAL_I2C_Mem_Write  stm32f1xx_hal_i2c.o
    0x080012f0   0x080012f0   0x00000074   Code   RO          274    i.HAL_I2C_MspInit   i2c.o
    0x08001364   0x08001364   0x00000018   Code   RO         1089    i.HAL_IncTick       stm32f1xx_hal.o
    0x0800137c   0x0800137c   0x00000028   Code   RO         1090    i.HAL_Init          stm32f1xx_hal.o
    0x080013a4   0x080013a4   0x0000004c   Code   RO         1091    i.HAL_InitTick      stm32f1xx_hal.o
    0x080013f0   0x080013f0   0x00000054   Code   RO          540    i.HAL_MspInit       stm32f1xx_hal_msp.o
    0x08001444   0x08001444   0x00000020   Code   RO         1552    i.HAL_NVIC_EnableIRQ  stm32f1xx_hal_cortex.o
    0x08001464   0x08001464   0x0000007c   Code   RO         1558    i.HAL_NVIC_SetPriority  stm32f1xx_hal_cortex.o
    0x080014e0   0x080014e0   0x00000028   Code   RO         1559    i.HAL_NVIC_SetPriorityGrouping  stm32f1xx_hal_cortex.o
    0x08001508   0x08001508   0x0000018c   Code   RO         1247    i.HAL_RCC_ClockConfig  stm32f1xx_hal_rcc.o
    0x08001694   0x08001694   0x0000000c   Code   RO         1252    i.HAL_RCC_GetHCLKFreq  stm32f1xx_hal_rcc.o
    0x080016a0   0x080016a0   0x00000020   Code   RO         1254    i.HAL_RCC_GetPCLK1Freq  stm32f1xx_hal_rcc.o
    0x080016c0   0x080016c0   0x00000020   Code   RO         1255    i.HAL_RCC_GetPCLK2Freq  stm32f1xx_hal_rcc.o
    0x080016e0   0x080016e0   0x00000094   Code   RO         1256    i.HAL_RCC_GetSysClockFreq  stm32f1xx_hal_rcc.o
    0x08001774   0x08001774   0x00000464   Code   RO         1259    i.HAL_RCC_OscConfig  stm32f1xx_hal_rcc.o
    0x08001bd8   0x08001bd8   0x00000034   Code   RO         1563    i.HAL_SYSTICK_Config  stm32f1xx_hal_cortex.o
    0x08001c0c   0x08001c0c   0x00000002   Code   RO         2795    i.HAL_TIMEx_BreakCallback  stm32f1xx_hal_tim_ex.o
    0x08001c0e   0x08001c0e   0x00000002   Code   RO         2796    i.HAL_TIMEx_CommutCallback  stm32f1xx_hal_tim_ex.o
    0x08001c10   0x08001c10   0x00000074   Code   RO         2798    i.HAL_TIMEx_ConfigBreakDeadTime  stm32f1xx_hal_tim_ex.o
    0x08001c84   0x08001c84   0x0000009c   Code   RO         2814    i.HAL_TIMEx_MasterConfigSynchronization  stm32f1xx_hal_tim_ex.o
    0x08001d20   0x08001d20   0x00000066   Code   RO         2080    i.HAL_TIM_Base_Init  stm32f1xx_hal_tim.o
    0x08001d86   0x08001d86   0x00000002   PAD
    0x08001d88   0x08001d88   0x00000094   Code   RO          316    i.HAL_TIM_Base_MspInit  tim.o
    0x08001e1c   0x08001e1c   0x00000090   Code   RO         2085    i.HAL_TIM_Base_Start_IT  stm32f1xx_hal_tim.o
    0x08001eac   0x08001eac   0x00000108   Code   RO         2089    i.HAL_TIM_ConfigClockSource  stm32f1xx_hal_tim.o
    0x08001fb4   0x08001fb4   0x000000c4   Code   RO         2101    i.HAL_TIM_Encoder_Init  stm32f1xx_hal_tim.o
    0x08002078   0x08002078   0x000000c4   Code   RO          318    i.HAL_TIM_Encoder_MspInit  tim.o
    0x0800213c   0x0800213c   0x000000cc   Code   RO         2104    i.HAL_TIM_Encoder_Start  stm32f1xx_hal_tim.o
    0x08002208   0x08002208   0x00000002   Code   RO         2114    i.HAL_TIM_IC_CaptureCallback  stm32f1xx_hal_tim.o
    0x0800220a   0x0800220a   0x00000196   Code   RO         2128    i.HAL_TIM_IRQHandler  stm32f1xx_hal_tim.o
    0x080023a0   0x080023a0   0x0000009c   Code   RO          319    i.HAL_TIM_MspPostInit  tim.o
    0x0800243c   0x0800243c   0x00000002   Code   RO         2131    i.HAL_TIM_OC_DelayElapsedCallback  stm32f1xx_hal_tim.o
    0x0800243e   0x0800243e   0x000000fc   Code   RO         2152    i.HAL_TIM_PWM_ConfigChannel  stm32f1xx_hal_tim.o
    0x0800253a   0x0800253a   0x00000066   Code   RO         2155    i.HAL_TIM_PWM_Init  stm32f1xx_hal_tim.o
    0x080025a0   0x080025a0   0x00000002   Code   RO         2157    i.HAL_TIM_PWM_MspInit  stm32f1xx_hal_tim.o
    0x080025a2   0x080025a2   0x00000002   Code   RO         2158    i.HAL_TIM_PWM_PulseFinishedCallback  stm32f1xx_hal_tim.o
    0x080025a4   0x080025a4   0x000000f4   Code   RO         2160    i.HAL_TIM_PWM_Start  stm32f1xx_hal_tim.o
    0x08002698   0x08002698   0x00000144   Code   RO         3466    i.HAL_TIM_PeriodElapsedCallback  tim_it.o
    0x080027dc   0x080027dc   0x00000002   Code   RO         2171    i.HAL_TIM_TriggerCallback  stm32f1xx_hal_tim.o
    0x080027de   0x080027de   0x00000072   Code   RO         3091    i.HAL_UART_Init     stm32f1xx_hal_uart.o
    0x08002850   0x08002850   0x000000d4   Code   RO          400    i.HAL_UART_MspInit  usart.o
    0x08002924   0x08002924   0x00000004   Code   RO          467    i.HardFault_Handler  stm32f1xx_it.o
    0x08002928   0x08002928   0x0000003e   Code   RO          654    i.I2C_IsAcknowledgeFailed  stm32f1xx_hal_i2c.o
    0x08002966   0x08002966   0x00000002   PAD
    0x08002968   0x08002968   0x00000160   Code   RO          665    i.I2C_RequestMemoryRead  stm32f1xx_hal_i2c.o
    0x08002ac8   0x08002ac8   0x000000e0   Code   RO          666    i.I2C_RequestMemoryWrite  stm32f1xx_hal_i2c.o
    0x08002ba8   0x08002ba8   0x0000005c   Code   RO          674    i.I2C_WaitOnBTFFlagUntilTimeout  stm32f1xx_hal_i2c.o
    0x08002c04   0x08002c04   0x00000086   Code   RO          675    i.I2C_WaitOnFlagUntilTimeout  stm32f1xx_hal_i2c.o
    0x08002c8a   0x08002c8a   0x000000c4   Code   RO          676    i.I2C_WaitOnMasterAddressFlagUntilTimeout  stm32f1xx_hal_i2c.o
    0x08002d4e   0x08002d4e   0x00000080   Code   RO          677    i.I2C_WaitOnRXNEFlagUntilTimeout  stm32f1xx_hal_i2c.o
    0x08002dce   0x08002dce   0x0000005c   Code   RO          680    i.I2C_WaitOnTXEFlagUntilTimeout  stm32f1xx_hal_i2c.o
    0x08002e2a   0x08002e2a   0x0000001c   Code   RO         3615    i.MPU6050_Detect    mpu6050.o
    0x08002e46   0x08002e46   0x00000052   Code   RO         3616    i.MPU6050_Init      mpu6050.o
    0x08002e98   0x08002e98   0x00000064   Code   RO         3617    i.MPU6050_ReadAcc   mpu6050.o
    0x08002efc   0x08002efc   0x00000064   Code   RO         3618    i.MPU6050_ReadGyro  mpu6050.o
    0x08002f60   0x08002f60   0x0000005c   Code   RO         3619    i.MPU6050_ReadTemp  mpu6050.o
    0x08002fbc   0x08002fbc   0x0000000a   Code   RO         3771    i.MVF_init          filter.o
    0x08002fc6   0x08002fc6   0x00000002   PAD
    0x08002fc8   0x08002fc8   0x00000034   Code   RO          249    i.MX_DMA_Init       dma.o
    0x08002ffc   0x08002ffc   0x00000058   Code   RO          225    i.MX_GPIO_Init      gpio.o
    0x08003054   0x08003054   0x0000003c   Code   RO          275    i.MX_I2C1_Init      i2c.o
    0x08003090   0x08003090   0x000000e8   Code   RO          320    i.MX_TIM1_Init      tim.o
    0x08003178   0x08003178   0x00000080   Code   RO          321    i.MX_TIM2_Init      tim.o
    0x080031f8   0x080031f8   0x00000080   Code   RO          322    i.MX_TIM3_Init      tim.o
    0x08003278   0x08003278   0x000000b4   Code   RO          323    i.MX_TIM4_Init      tim.o
    0x0800332c   0x0800332c   0x0000004c   Code   RO          324    i.MX_TIM6_Init      tim.o
    0x08003378   0x08003378   0x00000038   Code   RO          401    i.MX_USART3_UART_Init  usart.o
    0x080033b0   0x080033b0   0x00000004   Code   RO          468    i.MemManage_Handler  stm32f1xx_it.o
    0x080033b4   0x080033b4   0x00000004   Code   RO          469    i.NMI_Handler       stm32f1xx_it.o
    0x080033b8   0x080033b8   0x00000028   Code   RO         1260    i.RCC_Delay         stm32f1xx_hal_rcc.o
    0x080033e0   0x080033e0   0x00000100   Code   RO         3772    i.Set_Cutoff_Frequency  filter.o
    0x080034e0   0x080034e0   0x00000048   Code   RO         3773    i.Speed_low_filter  filter.o
    0x08003528   0x08003528   0x00000008   Code   RO          470    i.SysTick_Handler   stm32f1xx_it.o
    0x08003530   0x08003530   0x00000066   Code   RO          152    i.SystemClock_Config  main.o
    0x08003596   0x08003596   0x00000002   Code   RO         3430    i.SystemInit        system_stm32f1xx.o
    0x08003598   0x08003598   0x00000010   Code   RO          471    i.TIM6_IRQHandler   stm32f1xx_it.o
    0x080035a8   0x080035a8   0x0000009c   Code   RO         2173    i.TIM_Base_SetConfig  stm32f1xx_hal_tim.o
    0x08003644   0x08003644   0x00000022   Code   RO         2174    i.TIM_CCxChannelCmd  stm32f1xx_hal_tim.o
    0x08003666   0x08003666   0x00000016   Code   RO         2184    i.TIM_ETR_SetConfig  stm32f1xx_hal_tim.o
    0x0800367c   0x0800367c   0x00000012   Code   RO         2185    i.TIM_ITRx_SetConfig  stm32f1xx_hal_tim.o
    0x0800368e   0x0800368e   0x00000002   PAD
    0x08003690   0x08003690   0x00000070   Code   RO         2186    i.TIM_OC1_SetConfig  stm32f1xx_hal_tim.o
    0x08003700   0x08003700   0x0000007c   Code   RO         2187    i.TIM_OC2_SetConfig  stm32f1xx_hal_tim.o
    0x0800377c   0x0800377c   0x00000078   Code   RO         2188    i.TIM_OC3_SetConfig  stm32f1xx_hal_tim.o
    0x080037f4   0x080037f4   0x00000054   Code   RO         2189    i.TIM_OC4_SetConfig  stm32f1xx_hal_tim.o
    0x08003848   0x08003848   0x00000026   Code   RO         2191    i.TIM_TI1_ConfigInputStage  stm32f1xx_hal_tim.o
    0x0800386e   0x0800386e   0x00000028   Code   RO         2193    i.TIM_TI2_ConfigInputStage  stm32f1xx_hal_tim.o
    0x08003896   0x08003896   0x00000002   PAD
    0x08003898   0x08003898   0x000000fc   Code   RO         3118    i.UART_SetConfig    stm32f1xx_hal_uart.o
    0x08003994   0x08003994   0x00000004   Code   RO          472    i.UsageFault_Handler  stm32f1xx_it.o
    0x08003998   0x08003998   0x00000028   Code   RO         4255    i.__ARM_fpclassify  m_ws.l(fpclassify.o)
    0x080039c0   0x080039c0   0x00000026   Code   RO         4257    i.__ARM_fpclassifyf  m_ws.l(fpclassifyf.o)
    0x080039e6   0x080039e6   0x00000002   PAD
    0x080039e8   0x080039e8   0x00000010   Code   RO         1565    i.__NVIC_GetPriorityGrouping  stm32f1xx_hal_cortex.o
    0x080039f8   0x080039f8   0x00000028   Code   RO         1566    i.__NVIC_SetPriority  stm32f1xx_hal_cortex.o
    0x08003a20   0x08003a20   0x00000388   Code   RO         4276    i.__ieee754_rem_pio2  m_ws.l(rred.o)
    0x08003da8   0x08003da8   0x000000fc   Code   RO         4238    i.__kernel_cos      m_ws.l(cos_i.o)
    0x08003ea4   0x08003ea4   0x000000aa   Code   RO         4273    i.__kernel_poly     m_ws.l(poly.o)
    0x08003f4e   0x08003f4e   0x00000002   PAD
    0x08003f50   0x08003f50   0x000000ec   Code   RO         4284    i.__kernel_sin      m_ws.l(sin_i.o)
    0x0800403c   0x0800403c   0x00000006   Code   RO         4242    i.__mathlib_dbl_infnan  m_ws.l(dunder.o)
    0x08004042   0x08004042   0x00000004   Code   RO         4243    i.__mathlib_dbl_infnan2  m_ws.l(dunder.o)
    0x08004046   0x08004046   0x0000000c   Code   RO         4244    i.__mathlib_dbl_invalid  m_ws.l(dunder.o)
    0x08004052   0x08004052   0x00000002   PAD
    0x08004054   0x08004054   0x00000010   Code   RO         4247    i.__mathlib_dbl_underflow  m_ws.l(dunder.o)
    0x08004064   0x08004064   0x00000006   Code   RO         4260    i.__mathlib_flt_infnan  m_ws.l(funder.o)
    0x0800406a   0x0800406a   0x00000008   Code   RO         4262    i.__mathlib_flt_invalid  m_ws.l(funder.o)
    0x08004072   0x08004072   0x0000000a   Code   RO         4265    i.__mathlib_flt_underflow  m_ws.l(funder.o)
    0x0800407c   0x0800407c   0x00000168   Code   RO         4281    i.__mathlib_rredf2  m_ws.l(rredf.o)
    0x080041e4   0x080041e4   0x00000004   Code   RO          402    i._sys_exit         usart.o
    0x080041e8   0x080041e8   0x00000080   Code   RO         3819    i.ahrs_init         ahrs.o
    0x08004268   0x08004268   0x00000f10   Code   RO         3820    i.ahrs_update       ahrs.o
    0x08005178   0x08005178   0x00000270   Code   RO         4139    i.asin              m_ws.l(asin.o)
    0x080053e8   0x080053e8   0x00000220   Code   RO         4229    i.atan              m_ws.l(atan.o)
    0x08005608   0x08005608   0x00000180   Code   RO         4149    i.atan2             m_ws.l(atan2.o)
    0x08005788   0x08005788   0x00000024   Code   RO         3821    i.constrain         ahrs.o
    0x080057ac   0x080057ac   0x0000009c   Code   RO         4157    i.cos               m_ws.l(cos.o)
    0x08005848   0x08005848   0x0000017c   Code   RO         4165    i.cosf              m_ws.l(cosf.o)
    0x080059c4   0x080059c4   0x0000001c   Code   RO          403    i.fputc             usart.o
    0x080059e0   0x080059e0   0x000001e4   Code   RO         3555    i.get_imu_data      imu.o
    0x08005bc4   0x08005bc4   0x00000030   Code   RO           13    i.i2c1_multi_read   myiic.o
    0x08005bf4   0x08005bf4   0x00000030   Code   RO           14    i.i2c1_single_read  myiic.o
    0x08005c24   0x08005c24   0x00000034   Code   RO           15    i.i2c1_single_write  myiic.o
    0x08005c58   0x08005c58   0x00000044   Code   RO         3556    i.imu_init          imu.o
    0x08005c9c   0x08005c9c   0x000000e0   Code   RO         3693    i.incremental_PID   pid.o
    0x08005d7c   0x08005d7c   0x0000004c   Code   RO         3822    i.invSqrt           ahrs.o
    0x08005dc8   0x08005dc8   0x00000068   Code   RO          153    i.main              main.o
    0x08005e30   0x08005e30   0x00000034   Code   RO         3694    i.motor_pid_clear   pid.o
    0x08005e64   0x08005e64   0x00000044   Code   RO         3925    i.motor_pwm_enable  bsp_motor.o
    0x08005ea8   0x08005ea8   0x00000088   Code   RO         3926    i.motor_set_pwm     bsp_motor.o
    0x08005f30   0x08005f30   0x00000038   Code   RO         3695    i.pid_init          pid.o
    0x08005f68   0x08005f68   0x00000038   Code   RO         3927    i.read_encoder      bsp_motor.o
    0x08005fa0   0x08005fa0   0x000000a0   Code   RO         4177    i.sin               m_ws.l(sin.o)
    0x08006040   0x08006040   0x0000004c   Code   RO         4185    i.sqrt              m_ws.l(sqrt.o)
    0x0800608c   0x0800608c   0x00000174   Code   RO         4193    i.tanf              m_ws.l(tanf.o)
    0x08006200   0x08006200   0x00000062   Code   RO         4084    x$fpl$d2f           fz_ws.l(d2f.o)
    0x08006262   0x08006262   0x00000002   PAD
    0x08006264   0x08006264   0x00000150   Code   RO         4086    x$fpl$dadd          fz_ws.l(daddsub_clz.o)
    0x080063b4   0x080063b4   0x00000010   Code   RO         4316    x$fpl$dcheck1       fz_ws.l(dcheck1.o)
    0x080063c4   0x080063c4   0x000002b0   Code   RO         4093    x$fpl$ddiv          fz_ws.l(ddiv.o)
    0x08006674   0x08006674   0x0000005e   Code   RO         4320    x$fpl$dfix          fz_ws.l(dfix.o)
    0x080066d2   0x080066d2   0x0000002e   Code   RO         4101    x$fpl$dflt          fz_ws.l(dflt_clz.o)
    0x08006700   0x08006700   0x00000026   Code   RO         4100    x$fpl$dfltu         fz_ws.l(dflt_clz.o)
    0x08006726   0x08006726   0x00000002   PAD
    0x08006728   0x08006728   0x00000154   Code   RO         4106    x$fpl$dmul          fz_ws.l(dmul.o)
    0x0800687c   0x0800687c   0x0000009c   Code   RO         4209    x$fpl$dnaninf       fz_ws.l(dnaninf.o)
    0x08006918   0x08006918   0x0000000c   Code   RO         4211    x$fpl$dretinf       fz_ws.l(dretinf.o)
    0x08006924   0x08006924   0x00000016   Code   RO         4087    x$fpl$drsb          fz_ws.l(daddsub_clz.o)
    0x0800693a   0x0800693a   0x00000002   PAD
    0x0800693c   0x0800693c   0x000001cc   Code   RO         4215    x$fpl$dsqrt         fz_ws.l(dsqrt_noumaal.o)
    0x08006b08   0x08006b08   0x000001d4   Code   RO         4088    x$fpl$dsub          fz_ws.l(daddsub_clz.o)
    0x08006cdc   0x08006cdc   0x00000056   Code   RO         4108    x$fpl$f2d           fz_ws.l(f2d.o)
    0x08006d32   0x08006d32   0x00000002   PAD
    0x08006d34   0x08006d34   0x000000c4   Code   RO         4110    x$fpl$fadd          fz_ws.l(faddsub_clz.o)
    0x08006df8   0x08006df8   0x0000000c   Code   RO         4341    x$fpl$fcheck1       fz_ws.l(fcheck1.o)
    0x08006e04   0x08006e04   0x00000018   Code   RO         4217    x$fpl$fcmpinf       fz_ws.l(fcmpi.o)
    0x08006e1c   0x08006e1c   0x00000184   Code   RO         4117    x$fpl$fdiv          fz_ws.l(fdiv.o)
    0x08006fa0   0x08006fa0   0x00000068   Code   RO         4120    x$fpl$feqf          fz_ws.l(feqf.o)
    0x08007008   0x08007008   0x00000036   Code   RO         4122    x$fpl$ffix          fz_ws.l(ffix.o)
    0x0800703e   0x0800703e   0x00000002   PAD
    0x08007040   0x08007040   0x00000030   Code   RO         4127    x$fpl$fflt          fz_ws.l(fflt_clz.o)
    0x08007070   0x08007070   0x00000026   Code   RO         4126    x$fpl$ffltu         fz_ws.l(fflt_clz.o)
    0x08007096   0x08007096   0x00000002   PAD
    0x08007098   0x08007098   0x00000068   Code   RO         4132    x$fpl$fleqf         fz_ws.l(fleqf.o)
    0x08007100   0x08007100   0x00000102   Code   RO         4134    x$fpl$fmul          fz_ws.l(fmul.o)
    0x08007202   0x08007202   0x0000008c   Code   RO         4219    x$fpl$fnaninf       fz_ws.l(fnaninf.o)
    0x0800728e   0x0800728e   0x0000000a   Code   RO         4221    x$fpl$fretinf       fz_ws.l(fretinf.o)
    0x08007298   0x08007298   0x00000062   Code   RO         4136    x$fpl$frleqf        fz_ws.l(frleqf.o)
    0x080072fa   0x080072fa   0x00000002   PAD
    0x080072fc   0x080072fc   0x00000060   Code   RO         4223    x$fpl$frnd          fz_ws.l(frnd.o)
    0x0800735c   0x0800735c   0x00000014   Code   RO         4111    x$fpl$frsb          fz_ws.l(faddsub_clz.o)
    0x08007370   0x08007370   0x000000ea   Code   RO         4112    x$fpl$fsub          fz_ws.l(faddsub_clz.o)
    0x0800745a   0x0800745a   0x00000064   Code   RO         4343    x$fpl$retnan        fz_ws.l(retnan.o)
    0x080074be   0x080074be   0x0000005c   Code   RO         4225    x$fpl$scalbn        fz_ws.l(scalbn.o)
    0x0800751a   0x0800751a   0x0000004c   Code   RO         4324    x$fpl$scalbnf       fz_ws.l(scalbnf.o)
    0x08007566   0x08007566   0x00000030   Code   RO         4392    x$fpl$trapveneer    fz_ws.l(trapv.o)
    0x08007596   0x08007596   0x00000000   Code   RO         4227    x$fpl$usenofp       fz_ws.l(usenofp.o)
    0x08007596   0x08007596   0x00000018   Data   RO         3431    .constdata          system_stm32f1xx.o
    0x080075ae   0x080075ae   0x00000002   PAD
    0x080075b0   0x080075b0   0x00000050   Data   RO         4140    .constdata          m_ws.l(asin.o)
    0x08007600   0x08007600   0x00000098   Data   RO         4230    .constdata          m_ws.l(atan.o)
    0x08007698   0x08007698   0x00000030   Data   RO         4239    .constdata          m_ws.l(cos_i.o)
    0x080076c8   0x080076c8   0x00000008   Data   RO         4275    .constdata          m_ws.l(qnan.o)
    0x080076d0   0x080076d0   0x000000c8   Data   RO         4278    .constdata          m_ws.l(rred.o)
    0x08007798   0x08007798   0x00000020   Data   RO         4282    .constdata          m_ws.l(rredf.o)
    0x080077b8   0x080077b8   0x00000028   Data   RO         4285    .constdata          m_ws.l(sin_i.o)
    0x080077e0   0x080077e0   0x00000020   Data   RO         4467    Region$$Table       anon$$obj.o


    Execution Region RW_IRAM1 (Exec base: 0x20000000, Load base: 0x08007800, Size: 0x00001548, Max: 0x0000c000, ABSOLUTE)

    Exec Addr    Load Addr    Size         Type   Attr      Idx    E Section Name        Object

    0x20000000   0x08007800   0x00000004   Data   RW          406    .data               usart.o
    0x20000004   0x08007804   0x00000009   Data   RW         1097    .data               stm32f1xx_hal.o
    0x2000000d   0x0800780d   0x00000003   PAD
    0x20000010   0x08007810   0x00000004   Data   RW         3432    .data               system_stm32f1xx.o
    0x20000014   0x08007814   0x0000000c   Data   RW         3467    .data               tim_it.o
    0x20000020   0x08007820   0x0000001c   Data   RW         3558    .data               imu.o
    0x2000003c   0x0800783c   0x00000048   Data   RW         3824    .data               ahrs.o
    0x20000084        -       0x00000054   Zero   RW          276    .bss                i2c.o
    0x200000d8        -       0x00000168   Zero   RW          325    .bss                tim.o
    0x20000240        -       0x00000088   Zero   RW          405    .bss                usart.o
    0x200002c8        -       0x00000044   Zero   RW         3512    .bss                speed_ctrl.o
    0x2000030c        -       0x00000138   Zero   RW         3557    .bss                imu.o
    0x20000444        -       0x000000bc   Zero   RW         3697    .bss                pid.o
    0x20000500        -       0x000003a0   Zero   RW         3823    .bss                ahrs.o
    0x200008a0        -       0x00000048   Zero   RW         3928    .bss                bsp_motor.o
    0x200008e8        -       0x00000060   Zero   RW         4327    .bss                c_w.l(libspace.o)
    0x20000948        -       0x00000400   Zero   RW            2    HEAP                startup_stm32f103xe.o
    0x20000d48        -       0x00000800   Zero   RW            1    STACK               startup_stm32f103xe.o


==============================================================================

Image component sizes


      Code (inc. data)   RO Data    RW Data    ZI Data      Debug   Object Name

      4616        270          0         72        928       6772   ahrs.o
       260         32          0          0         72       1900   bsp_motor.o
        52          4          0          0          0        666   dma.o
       454          8          0          0          0       3422   filter.o
        88          4          0          0          0        735   gpio.o
       176         24          0          0         84       1465   i2c.o
       880        192          0         28        312       3322   imu.o
       212         14          0          0          0       2524   main.o
       402         10          0          0          0       3552   mpu6050.o
       148         12          0          0          0     495281   myiic.o
       332         28          0          0        188       2689   pid.o
         0          0          0          0         68       1238   speed_ctrl.o
        64         26        304          0       3072        784   startup_stm32f103xe.o
       192         36          0          9          0       6281   stm32f1xx_hal.o
       304         22          0          0          0      29227   stm32f1xx_hal_cortex.o
       140          8          0          0          0       1011   stm32f1xx_hal_dma.o
       832         40          0          0          0       2012   stm32f1xx_hal_gpio.o
      2968         52          0          0          0      11090   stm32f1xx_hal_i2c.o
        84          8          0          0          0        814   stm32f1xx_hal_msp.o
      1784        110          0          0          0       5792   stm32f1xx_hal_rcc.o
      2672        102          0          0          0      16887   stm32f1xx_hal_tim.o
       276         22          0          0          0       3061   stm32f1xx_hal_tim_ex.o
       366          4          0          0          0       1648   stm32f1xx_hal_uart.o
        48          6          0          0          0       3640   stm32f1xx_it.o
         2          0         24          4          0       1015   system_stm32f1xx.o
      1244         94          0          0        360       5482   tim.o
       324         48          0         12          0       1657   tim_it.o
       156         12          0          0          0       1370   time_cnt.o
       300         34          0          4        136       3825   usart.o

    ----------------------------------------------------------------------
     19388       1222        362        132       5220     619162   Object Totals
         0          0         32          0          0          0   (incl. Generated)
        12          0          2          3          0          0   (incl. Padding)

    ----------------------------------------------------------------------

      Code (inc. data)   RO Data    RW Data    ZI Data      Debug   Library Member Name

         8          0          0          0          0         68   __main.o
        40          0          0          0          0         84   __printf_nopercent.o
         0          0          0          0          0          0   __rtentry.o
        12          0          0          0          0          0   __rtentry2.o
         6          0          0          0          0          0   __rtentry4.o
        52          8          0          0          0          0   __scatter.o
        26          0          0          0          0          0   __scatter_copy.o
        28          0          0          0          0          0   __scatter_zi.o
        48          6          0          0          0         96   _printf_char_common.o
        36          4          0          0          0         80   _printf_char_file.o
        22          0          0          0          0        100   _rserrno.o
        18          0          0          0          0         80   exit.o
         8          0          0          0          0         68   ferror.o
         6          0          0          0          0        152   heapauxi.o
         2          0          0          0          0          0   libinit.o
         2          0          0          0          0          0   libinit2.o
         2          0          0          0          0          0   libshutdown.o
         2          0          0          0          0          0   libshutdown2.o
         8          4          0          0         96         68   libspace.o
        24          4          0          0          0         84   noretval__2printf.o
         8          4          0          0          0         68   rt_errno_addr_intlibspace.o
        78          0          0          0          0         80   rt_memclr_w.o
       100          0          0          0          0         80   rt_memcpy_w.o
         2          0          0          0          0          0   rtexit.o
        10          0          0          0          0          0   rtexit2.o
        74          0          0          0          0         80   sys_stackheap_outer.o
         2          0          0          0          0         68   use_no_semi.o
         2          0          0          0          0         68   use_no_semi_2.o
        98          4          0          0          0         92   d2f.o
       826         16          0          0          0        348   daddsub_clz.o
        16          4          0          0          0         68   dcheck1.o
       688        140          0          0          0        208   ddiv.o
        94          4          0          0          0         92   dfix.o
        84          0          0          0          0        136   dflt_clz.o
       340         12          0          0          0        104   dmul.o
       156          4          0          0          0         92   dnaninf.o
        12          0          0          0          0         68   dretinf.o
       460         56          0          0          0        120   dsqrt_noumaal.o
        86          4          0          0          0         84   f2d.o
       450          8          0          0          0        236   faddsub_clz.o
        12          4          0          0          0         68   fcheck1.o
        24          0          0          0          0         68   fcmpi.o
       388         76          0          0          0         96   fdiv.o
       104          4          0          0          0         84   feqf.o
        54          4          0          0          0         84   ffix.o
        86          0          0          0          0        136   fflt_clz.o
       104          4          0          0          0         84   fleqf.o
       258          4          0          0          0         84   fmul.o
       140          4          0          0          0         84   fnaninf.o
        10          0          0          0          0         68   fretinf.o
        98          0          0          0          0         68   frleqf.o
        96          4          0          0          0         76   frnd.o
       100          0          0          0          0         68   retnan.o
        92          0          0          0          0         68   scalbn.o
        76          0          0          0          0         68   scalbnf.o
        48          0          0          0          0         68   trapv.o
         0          0          0          0          0          0   usenofp.o
       624         52         80          0          0        168   asin.o
       544         70        152          0          0        124   atan.o
       384         38          0          0          0        144   atan2.o
       156          8          0          0          0        104   cos.o
       252         22         48          0          0        124   cos_i.o
       380         52          0          0          0        124   cosf.o
        38          6          0          0          0        272   dunder.o
        40          0          0          0          0         68   fpclassify.o
        38          0          0          0          0         68   fpclassifyf.o
        24          0          0          0          0        204   funder.o
       170          0          0          0          0         96   poly.o
         0          0          8          0          0          0   qnan.o
       904         76        200          0          0        140   rred.o
       360         16         32          0          0         88   rredf.o
       160         10          0          0          0        108   sin.o
       236         12         40          0          0        128   sin_i.o
        76          0          0          0          0         84   sqrt.o
       372         58          0          0          0        124   tanf.o

    ----------------------------------------------------------------------
     10410        806        560          0         96       6412   Library Totals
        26          0          0          0          0          0   (incl. Padding)

    ----------------------------------------------------------------------

      Code (inc. data)   RO Data    RW Data    ZI Data      Debug   Library Name

       626         30          0          0         96       1324   c_w.l
      5000        356          0          0          0       2920   fz_ws.l
      4758        420        560          0          0       2168   m_ws.l

    ----------------------------------------------------------------------
     10410        806        560          0         96       6412   Library Totals

    ----------------------------------------------------------------------

==============================================================================


      Code (inc. data)   RO Data    RW Data    ZI Data      Debug   

     29798       2028        922        132       5316     616106   Grand Totals
     29798       2028        922        132       5316     616106   ELF Image Totals
     29798       2028        922        132          0          0   ROM Totals

==============================================================================

    Total RO  Size (Code + RO Data)                30720 (  30.00kB)
    Total RW  Size (RW Data + ZI Data)              5448 (   5.32kB)
    Total ROM Size (Code + RO Data + RW Data)      30852 (  30.13kB)

==============================================================================

